This is pdfTeX, Version 3.141592653-2.6-1.40.26 (TeX Live 2024) (preloaded format=pdflatex 2025.7.8)  2 AUG 2025 09:47
entering extended mode
 restricted \write18 enabled.
 %&-line parsing enabled.
**main.tex
(./main.tex
LaTeX2e <2024-06-01> patch level 2
L3 programming layer <2024-08-30>
(./Preambulo/Pakage.tex
(/usr/share/texlive/texmf-dist/tex/latex/base/article.cls
Document Class: article 2024/02/08 v1.4n Standard LaTeX document class
(/usr/share/texlive/texmf-dist/tex/latex/base/size10.clo
File: size10.clo 2024/02/08 v1.4n Standard LaTeX file (size option)
)
\c@part=\count194
\c@section=\count195
\c@subsection=\count196
\c@subsubsection=\count197
\c@paragraph=\count198
\c@subparagraph=\count199
\c@figure=\count266
\c@table=\count267
\abovecaptionskip=\skip49
\belowcaptionskip=\skip50
\bibindent=\dimen141
)
(/usr/share/texlive/texmf-dist/tex/latex/geometry/geometry.sty
Package: geometry 2020/01/02 v5.9 Page Geometry

(/usr/share/texlive/texmf-dist/tex/latex/graphics/keyval.sty
Package: keyval 2022/05/29 v1.15 key=value parser (DPC)
\KV@toks@=\toks17
)
(/usr/share/texlive/texmf-dist/tex/generic/iftex/ifvtex.sty
Package: ifvtex 2019/10/25 v1.7 ifvtex legacy package. Use iftex instead.

(/usr/share/texlive/texmf-dist/tex/generic/iftex/iftex.sty
Package: iftex 2022/02/03 v1.0f TeX engine tests
))
\Gm@cnth=\count268
\Gm@cntv=\count269
\c@Gm@tempcnt=\count270
\Gm@bindingoffset=\dimen142
\Gm@wd@mp=\dimen143
\Gm@odd@mp=\dimen144
\Gm@even@mp=\dimen145
\Gm@layoutwidth=\dimen146
\Gm@layoutheight=\dimen147
\Gm@layouthoffset=\dimen148
\Gm@layoutvoffset=\dimen149
\Gm@dimlist=\toks18
) (./blindtext.sty
Package: blindtext 2005/10/20 V1.5 blindtext-Package

(/usr/share/texlive/texmf-dist/tex/latex/tools/xspace.sty
Package: xspace 2014/10/28 v1.13 Space after command names (DPC,MH)
)
\c@blindtext=\count271
\c@Blindtext=\count272
\blind@countxx=\count273
\blindtext@numBlindtext=\count274
\blind@countyy=\count275
\c@blindlist=\count276
\c@blindlistlevel=\count277
\c@blindlist@level=\count278
\blind@listitem=\count279
\c@listcount=\count280
\c@blind@levelcount=\count281


Package blindtext Warning: You are not using babel.sty -> Language by random
(blindtext)                Kein babel.sty verwendet -> Zufallssprache on input 
line 226.

) (./paracol.sty
Package: paracol 2018/12/31 v1.35 
\pcol@currcol=\count282
\pcol@nextcol=\count283
\pcol@ncol=\count284
\pcol@ncolleft=\count285
\pcol@page=\count286
\pcol@basepage=\count287
\pcol@toppage=\count288
\pcol@footnotebase=\count289
\pcol@nfootnotes=\count290
\pcol@mcid=\count291
\pcol@prevdepth=\dimen150
\pcol@colht=\dimen151
\pcol@textfloatsep=\dimen152
\pcol@lrmargin=\dimen153
\pagerim=\dimen154
\pcol@topskip=\skip51
\belowfootnoteskip=\skip52
\pcol@topfnotes=\box52
\pcol@prespan=\box53
\pcol@rightpage=\box54
\pcol@colorstack@saved=\box55
\pcol@tempboxa=\box56
\pcol@tempboxb=\box57
\pcol@colorins=\insert252
\pcol@everyvbox=\toks19
) (./wrapfig.sty
\wrapoverhang=\dimen155
\WF@size=\dimen156
\c@WF@wrappedlines=\count292
\WF@box=\box58
\WF@everypar=\toks20
Package: wrapfig 2003/01/31  v 3.6
)
(/usr/share/texlive/texmf-dist/tex/latex/graphics/graphicx.sty
Package: graphicx 2021/09/16 v1.2d Enhanced LaTeX Graphics (DPC,SPQR)

(/usr/share/texlive/texmf-dist/tex/latex/graphics/graphics.sty
Package: graphics 2024/05/23 v1.4g Standard LaTeX Graphics (DPC,SPQR)

(/usr/share/texlive/texmf-dist/tex/latex/graphics/trig.sty
Package: trig 2023/12/02 v1.11 sin cos tan (DPC)
)
(/usr/share/texlive/texmf-dist/tex/latex/graphics-cfg/graphics.cfg
File: graphics.cfg 2016/06/04 v1.11 sample graphics configuration
)
Package graphics Info: Driver file: pdftex.def on input line 106.

(/usr/share/texlive/texmf-dist/tex/latex/graphics-def/pdftex.def
File: pdftex.def 2024/04/13 v1.2c Graphics/color driver for pdftex
))
\Gin@req@height=\dimen157
\Gin@req@width=\dimen158
)
(/usr/share/texlive/texmf-dist/tex/latex/xcolor/xcolor.sty
Package: xcolor 2023/11/15 v3.01 LaTeX color extensions (UK)

(/usr/share/texlive/texmf-dist/tex/latex/graphics-cfg/color.cfg
File: color.cfg 2016/01/02 v1.6 sample color configuration
)
Package xcolor Info: Driver file: pdftex.def on input line 274.

(/usr/share/texlive/texmf-dist/tex/latex/graphics/mathcolor.ltx)
Package xcolor Info: Model `cmy' substituted by `cmy0' on input line 1350.
Package xcolor Info: Model `hsb' substituted by `rgb' on input line 1354.
Package xcolor Info: Model `RGB' extended on input line 1366.
Package xcolor Info: Model `HTML' substituted by `rgb' on input line 1368.
Package xcolor Info: Model `Hsb' substituted by `hsb' on input line 1369.
Package xcolor Info: Model `tHsb' substituted by `hsb' on input line 1370.
Package xcolor Info: Model `HSB' substituted by `hsb' on input line 1371.
Package xcolor Info: Model `Gray' substituted by `gray' on input line 1372.
Package xcolor Info: Model `wave' substituted by `hsb' on input line 1373.
)
(/usr/share/texlive/texmf-dist/tex/latex/hyperref/hyperref.sty
Package: hyperref 2024-07-10 v7.01j Hypertext links for LaTeX

(/usr/share/texlive/texmf-dist/tex/latex/kvsetkeys/kvsetkeys.sty
Package: kvsetkeys 2022-10-05 v1.19 Key value parser (HO)
)
(/usr/share/texlive/texmf-dist/tex/generic/kvdefinekeys/kvdefinekeys.sty
Package: kvdefinekeys 2019-12-19 v1.6 Define keys (HO)
)
(/usr/share/texlive/texmf-dist/tex/generic/pdfescape/pdfescape.sty
Package: pdfescape 2019/12/09 v1.15 Implements pdfTeX's escape features (HO)

(/usr/share/texlive/texmf-dist/tex/generic/ltxcmds/ltxcmds.sty
Package: ltxcmds 2023-12-04 v1.26 LaTeX kernel commands for general use (HO)
)
(/usr/share/texlive/texmf-dist/tex/generic/pdftexcmds/pdftexcmds.sty
Package: pdftexcmds 2020-06-27 v0.33 Utility functions of pdfTeX for LuaTeX (HO
)

(/usr/share/texlive/texmf-dist/tex/generic/infwarerr/infwarerr.sty
Package: infwarerr 2019/12/03 v1.5 Providing info/warning/error messages (HO)
)
Package pdftexcmds Info: \pdf@primitive is available.
Package pdftexcmds Info: \pdf@ifprimitive is available.
Package pdftexcmds Info: \pdfdraftmode found.
))
(/usr/share/texlive/texmf-dist/tex/latex/hycolor/hycolor.sty
Package: hycolor 2020-01-27 v1.10 Color options for hyperref/bookmark (HO)
)
(/usr/share/texlive/texmf-dist/tex/latex/hyperref/nameref.sty
Package: nameref 2023-11-26 v2.56 Cross-referencing by name of section

(/usr/share/texlive/texmf-dist/tex/latex/refcount/refcount.sty
Package: refcount 2019/12/15 v3.6 Data extraction from label references (HO)
)
(/usr/share/texlive/texmf-dist/tex/generic/gettitlestring/gettitlestring.sty
Package: gettitlestring 2019/12/15 v1.6 Cleanup title references (HO)

(/usr/share/texlive/texmf-dist/tex/latex/kvoptions/kvoptions.sty
Package: kvoptions 2022-06-15 v3.15 Key value format for package options (HO)
))
\c@section@level=\count293
)
(/usr/share/texlive/texmf-dist/tex/latex/etoolbox/etoolbox.sty
Package: etoolbox 2020/10/05 v2.5k e-TeX tools for LaTeX (JAW)
\etb@tempcnta=\count294
)
(/usr/share/texlive/texmf-dist/tex/generic/stringenc/stringenc.sty
Package: stringenc 2019/11/29 v1.12 Convert strings between diff. encodings (HO
)
)
\@linkdim=\dimen159
\Hy@linkcounter=\count295
\Hy@pagecounter=\count296

(/usr/share/texlive/texmf-dist/tex/latex/hyperref/pd1enc.def
File: pd1enc.def 2024-07-10 v7.01j Hyperref: PDFDocEncoding definition (HO)
Now handling font encoding PD1 ...
... no UTF-8 mapping file for font encoding PD1
)
(/usr/share/texlive/texmf-dist/tex/generic/intcalc/intcalc.sty
Package: intcalc 2019/12/15 v1.3 Expandable calculations with integers (HO)
)
\Hy@SavedSpaceFactor=\count297

(/usr/share/texlive/texmf-dist/tex/latex/hyperref/puenc.def
File: puenc.def 2024-07-10 v7.01j Hyperref: PDF Unicode definition (HO)
Now handling font encoding PU ...
... no UTF-8 mapping file for font encoding PU
)
Package hyperref Info: Hyper figures OFF on input line 4157.
Package hyperref Info: Link nesting OFF on input line 4162.
Package hyperref Info: Hyper index ON on input line 4165.
Package hyperref Info: Plain pages OFF on input line 4172.
Package hyperref Info: Backreferencing OFF on input line 4177.
Package hyperref Info: Implicit mode ON; LaTeX internals redefined.
Package hyperref Info: Bookmarks ON on input line 4424.
\c@Hy@tempcnt=\count298

(/usr/share/texlive/texmf-dist/tex/latex/url/url.sty
\Urlmuskip=\muskip17
Package: url 2013/09/16  ver 3.4  Verb mode for urls, etc.
)
LaTeX Info: Redefining \url on input line 4763.
\XeTeXLinkMargin=\dimen160

(/usr/share/texlive/texmf-dist/tex/generic/bitset/bitset.sty
Package: bitset 2019/12/09 v1.3 Handle bit-vector datatype (HO)

(/usr/share/texlive/texmf-dist/tex/generic/bigintcalc/bigintcalc.sty
Package: bigintcalc 2019/12/15 v1.5 Expandable calculations on big integers (HO
)
))
\Fld@menulength=\count299
\Field@Width=\dimen161
\Fld@charsize=\dimen162
Package hyperref Info: Hyper figures OFF on input line 6042.
Package hyperref Info: Link nesting OFF on input line 6047.
Package hyperref Info: Hyper index ON on input line 6050.
Package hyperref Info: backreferencing OFF on input line 6057.
Package hyperref Info: Link coloring OFF on input line 6062.
Package hyperref Info: Link coloring with OCG OFF on input line 6067.
Package hyperref Info: PDF/A mode OFF on input line 6072.

(/usr/share/texlive/texmf-dist/tex/latex/base/atbegshi-ltx.sty
Package: atbegshi-ltx 2021/01/10 v1.0c Emulation of the original atbegshi
package with kernel methods
)
\Hy@abspage=\count300
\c@Item=\count301
\c@Hfootnote=\count302
)
Package hyperref Info: Driver (autodetected): hpdftex.

(/usr/share/texlive/texmf-dist/tex/latex/hyperref/hpdftex.def
File: hpdftex.def 2024-07-10 v7.01j Hyperref driver for pdfTeX

(/usr/share/texlive/texmf-dist/tex/latex/base/atveryend-ltx.sty
Package: atveryend-ltx 2020/08/19 v1.0a Emulation of the original atveryend pac
kage
with kernel methods
)
\Fld@listcount=\count303
\c@bookmark@seq@number=\count304

(/usr/share/texlive/texmf-dist/tex/latex/rerunfilecheck/rerunfilecheck.sty
Package: rerunfilecheck 2022-07-10 v1.10 Rerun checks for auxiliary files (HO)

(/usr/share/texlive/texmf-dist/tex/generic/uniquecounter/uniquecounter.sty
Package: uniquecounter 2019/12/15 v1.4 Provide unlimited unique counter (HO)
)
Package uniquecounter Info: New unique counter `rerunfilecheck' on input line 2
85.
)
\Hy@SectionHShift=\skip53
)
(/usr/share/texlive/texmf-dist/tex/latex/fontawesome/fontawesome.sty
Package: fontawesome 2016/05/15 v4.6.3.1 font awesome icons

(/usr/share/texlive/texmf-dist/tex/generic/iftex/ifxetex.sty
Package: ifxetex 2019/10/25 v0.7 ifxetex legacy package. Use iftex instead.
)
(/usr/share/texlive/texmf-dist/tex/generic/iftex/ifluatex.sty
Package: ifluatex 2019/10/25 v1.5 ifluatex legacy package. Use iftex instead.
)
(/usr/share/texlive/texmf-dist/tex/latex/fontawesome/fontawesomesymbols-generic
.tex)
(/usr/share/texlive/texmf-dist/tex/latex/fontawesome/fontawesomesymbols-pdftex.
tex)) (/usr/share/texlive/texmf-dist/tex/latex/ragged2e/ragged2e.sty
Package: ragged2e 2023/06/22 v3.6 ragged2e Package
\CenteringLeftskip=\skip54
\RaggedLeftLeftskip=\skip55
\RaggedRightLeftskip=\skip56
\CenteringRightskip=\skip57
\RaggedLeftRightskip=\skip58
\RaggedRightRightskip=\skip59
\CenteringParfillskip=\skip60
\RaggedLeftParfillskip=\skip61
\RaggedRightParfillskip=\skip62
\JustifyingParfillskip=\skip63
\CenteringParindent=\skip64
\RaggedLeftParindent=\skip65
\RaggedRightParindent=\skip66
\JustifyingParindent=\skip67
)
(/usr/share/texlive/texmf-dist/tex/latex/base/ifthen.sty
Package: ifthen 2024/03/16 v1.1e Standard LaTeX ifthen package (DPC)
)
(/usr/share/texlive/texmf-dist/tex/generic/xstring/xstring.sty
(/usr/share/texlive/texmf-dist/tex/generic/xstring/xstring.tex
\xs_counta=\count305
\xs_countb=\count306
)
Package: xstring 2023/08/22 v1.86 String manipulations (CT)
)
(/usr/share/texlive/texmf-dist/tex/latex/xifthen/xifthen.sty
Package: xifthen 2015/11/05 v1.4.0 Extended ifthen features

(/usr/share/texlive/texmf-dist/tex/latex/tools/calc.sty
Package: calc 2023/07/08 v4.3 Infix arithmetic (KKT,FJ)
\calc@Acount=\count307
\calc@Bcount=\count308
\calc@Adimen=\dimen163
\calc@Bdimen=\dimen164
\calc@Askip=\skip68
\calc@Bskip=\skip69
LaTeX Info: Redefining \setlength on input line 80.
LaTeX Info: Redefining \addtolength on input line 81.
\calc@Ccount=\count309
\calc@Cskip=\skip70
)
(/usr/share/texlive/texmf-dist/tex/latex/ifmtarg/ifmtarg.sty
Package: ifmtarg 2018/04/16 v1.2b check for an empty argument
))
(/usr/share/texlive/texmf-dist/tex/latex/fancyhdr/fancyhdr.sty
Package: fancyhdr 2024/07/23 v4.3.1 Extensive control of page headers and foote
rs
\f@nch@headwidth=\skip71
\f@nch@O@elh=\skip72
\f@nch@O@erh=\skip73
\f@nch@O@olh=\skip74
\f@nch@O@orh=\skip75
\f@nch@O@elf=\skip76
\f@nch@O@erf=\skip77
\f@nch@O@olf=\skip78
\f@nch@O@orf=\skip79
)
(/usr/share/texlive/texmf-dist/tex/latex/graphics/lscape.sty
Package: lscape 2020/05/28 v3.02 Landscape Pages (DPC)
)
(/usr/share/texlive/texmf-dist/tex/latex/tcolorbox/tcolorbox.sty
Package: tcolorbox 2024/10/22 version 6.4.1 text color boxes

(/usr/share/texlive/texmf-dist/tex/latex/pgf/frontendlayer/tikz.sty
(/usr/share/texlive/texmf-dist/tex/latex/pgf/basiclayer/pgf.sty
(/usr/share/texlive/texmf-dist/tex/latex/pgf/utilities/pgfrcs.sty
(/usr/share/texlive/texmf-dist/tex/generic/pgf/utilities/pgfutil-common.tex
\pgfutil@everybye=\toks21
\pgfutil@tempdima=\dimen165
\pgfutil@tempdimb=\dimen166
)
(/usr/share/texlive/texmf-dist/tex/generic/pgf/utilities/pgfutil-latex.def
\pgfutil@abb=\box59
)
(/usr/share/texlive/texmf-dist/tex/generic/pgf/utilities/pgfrcs.code.tex
(/usr/share/texlive/texmf-dist/tex/generic/pgf/pgf.revision.tex)
Package: pgfrcs 2023-01-15 v3.1.10 (3.1.10)
))
Package: pgf 2023-01-15 v3.1.10 (3.1.10)

(/usr/share/texlive/texmf-dist/tex/latex/pgf/basiclayer/pgfcore.sty
(/usr/share/texlive/texmf-dist/tex/latex/pgf/systemlayer/pgfsys.sty
(/usr/share/texlive/texmf-dist/tex/generic/pgf/systemlayer/pgfsys.code.tex
Package: pgfsys 2023-01-15 v3.1.10 (3.1.10)

(/usr/share/texlive/texmf-dist/tex/generic/pgf/utilities/pgfkeys.code.tex
\pgfkeys@pathtoks=\toks22
\pgfkeys@temptoks=\toks23

(/usr/share/texlive/texmf-dist/tex/generic/pgf/utilities/pgfkeyslibraryfiltered
.code.tex
\pgfkeys@tmptoks=\toks24
))
\pgf@x=\dimen167
\pgf@y=\dimen168
\pgf@xa=\dimen169
\pgf@ya=\dimen170
\pgf@xb=\dimen171
\pgf@yb=\dimen172
\pgf@xc=\dimen173
\pgf@yc=\dimen174
\pgf@xd=\dimen175
\pgf@yd=\dimen176
\w@pgf@writea=\write3
\r@pgf@reada=\read2
\c@pgf@counta=\count310
\c@pgf@countb=\count311
\c@pgf@countc=\count312
\c@pgf@countd=\count313
\t@pgf@toka=\toks25
\t@pgf@tokb=\toks26
\t@pgf@tokc=\toks27
\pgf@sys@id@count=\count314
 (/usr/share/texlive/texmf-dist/tex/generic/pgf/systemlayer/pgf.cfg
File: pgf.cfg 2023-01-15 v3.1.10 (3.1.10)
)
Driver file for pgf: pgfsys-pdftex.def
(/usr/share/texlive/texmf-dist/tex/generic/pgf/systemlayer/pgfsys-pdftex.def
File: pgfsys-pdftex.def 2023-01-15 v3.1.10 (3.1.10)

(/usr/share/texlive/texmf-dist/tex/generic/pgf/systemlayer/pgfsys-common-pdf.de
f
File: pgfsys-common-pdf.def 2023-01-15 v3.1.10 (3.1.10)
)))
(/usr/share/texlive/texmf-dist/tex/generic/pgf/systemlayer/pgfsyssoftpath.code.
tex
File: pgfsyssoftpath.code.tex 2023-01-15 v3.1.10 (3.1.10)
\pgfsyssoftpath@smallbuffer@items=\count315
\pgfsyssoftpath@bigbuffer@items=\count316
)
(/usr/share/texlive/texmf-dist/tex/generic/pgf/systemlayer/pgfsysprotocol.code.
tex
File: pgfsysprotocol.code.tex 2023-01-15 v3.1.10 (3.1.10)
))
(/usr/share/texlive/texmf-dist/tex/generic/pgf/basiclayer/pgfcore.code.tex
Package: pgfcore 2023-01-15 v3.1.10 (3.1.10)

(/usr/share/texlive/texmf-dist/tex/generic/pgf/math/pgfmath.code.tex
(/usr/share/texlive/texmf-dist/tex/generic/pgf/math/pgfmathutil.code.tex)
(/usr/share/texlive/texmf-dist/tex/generic/pgf/math/pgfmathparser.code.tex
\pgfmath@dimen=\dimen177
\pgfmath@count=\count317
\pgfmath@box=\box60
\pgfmath@toks=\toks28
\pgfmath@stack@operand=\toks29
\pgfmath@stack@operation=\toks30
)
(/usr/share/texlive/texmf-dist/tex/generic/pgf/math/pgfmathfunctions.code.tex)
(/usr/share/texlive/texmf-dist/tex/generic/pgf/math/pgfmathfunctions.basic.code
.tex)
(/usr/share/texlive/texmf-dist/tex/generic/pgf/math/pgfmathfunctions.trigonomet
ric.code.tex)
(/usr/share/texlive/texmf-dist/tex/generic/pgf/math/pgfmathfunctions.random.cod
e.tex)
(/usr/share/texlive/texmf-dist/tex/generic/pgf/math/pgfmathfunctions.comparison
.code.tex)
(/usr/share/texlive/texmf-dist/tex/generic/pgf/math/pgfmathfunctions.base.code.
tex)
(/usr/share/texlive/texmf-dist/tex/generic/pgf/math/pgfmathfunctions.round.code
.tex)
(/usr/share/texlive/texmf-dist/tex/generic/pgf/math/pgfmathfunctions.misc.code.
tex)
(/usr/share/texlive/texmf-dist/tex/generic/pgf/math/pgfmathfunctions.integerari
thmetics.code.tex)
(/usr/share/texlive/texmf-dist/tex/generic/pgf/math/pgfmathcalc.code.tex)
(/usr/share/texlive/texmf-dist/tex/generic/pgf/math/pgfmathfloat.code.tex
\c@pgfmathroundto@lastzeros=\count318
))
(/usr/share/texlive/texmf-dist/tex/generic/pgf/math/pgfint.code.tex)
(/usr/share/texlive/texmf-dist/tex/generic/pgf/basiclayer/pgfcorepoints.code.te
x
File: pgfcorepoints.code.tex 2023-01-15 v3.1.10 (3.1.10)
\pgf@picminx=\dimen178
\pgf@picmaxx=\dimen179
\pgf@picminy=\dimen180
\pgf@picmaxy=\dimen181
\pgf@pathminx=\dimen182
\pgf@pathmaxx=\dimen183
\pgf@pathminy=\dimen184
\pgf@pathmaxy=\dimen185
\pgf@xx=\dimen186
\pgf@xy=\dimen187
\pgf@yx=\dimen188
\pgf@yy=\dimen189
\pgf@zx=\dimen190
\pgf@zy=\dimen191
)
(/usr/share/texlive/texmf-dist/tex/generic/pgf/basiclayer/pgfcorepathconstruct.
code.tex
File: pgfcorepathconstruct.code.tex 2023-01-15 v3.1.10 (3.1.10)
\pgf@path@lastx=\dimen192
\pgf@path@lasty=\dimen193
)
(/usr/share/texlive/texmf-dist/tex/generic/pgf/basiclayer/pgfcorepathusage.code
.tex
File: pgfcorepathusage.code.tex 2023-01-15 v3.1.10 (3.1.10)
\pgf@shorten@end@additional=\dimen194
\pgf@shorten@start@additional=\dimen195
)
(/usr/share/texlive/texmf-dist/tex/generic/pgf/basiclayer/pgfcorescopes.code.te
x
File: pgfcorescopes.code.tex 2023-01-15 v3.1.10 (3.1.10)
\pgfpic=\box61
\pgf@hbox=\box62
\pgf@layerbox@main=\box63
\pgf@picture@serial@count=\count319
)
(/usr/share/texlive/texmf-dist/tex/generic/pgf/basiclayer/pgfcoregraphicstate.c
ode.tex
File: pgfcoregraphicstate.code.tex 2023-01-15 v3.1.10 (3.1.10)
\pgflinewidth=\dimen196
)
(/usr/share/texlive/texmf-dist/tex/generic/pgf/basiclayer/pgfcoretransformation
s.code.tex
File: pgfcoretransformations.code.tex 2023-01-15 v3.1.10 (3.1.10)
\pgf@pt@x=\dimen197
\pgf@pt@y=\dimen198
\pgf@pt@temp=\dimen199
)
(/usr/share/texlive/texmf-dist/tex/generic/pgf/basiclayer/pgfcorequick.code.tex
File: pgfcorequick.code.tex 2023-01-15 v3.1.10 (3.1.10)
)
(/usr/share/texlive/texmf-dist/tex/generic/pgf/basiclayer/pgfcoreobjects.code.t
ex
File: pgfcoreobjects.code.tex 2023-01-15 v3.1.10 (3.1.10)
)
(/usr/share/texlive/texmf-dist/tex/generic/pgf/basiclayer/pgfcorepathprocessing
.code.tex
File: pgfcorepathprocessing.code.tex 2023-01-15 v3.1.10 (3.1.10)
)
(/usr/share/texlive/texmf-dist/tex/generic/pgf/basiclayer/pgfcorearrows.code.te
x
File: pgfcorearrows.code.tex 2023-01-15 v3.1.10 (3.1.10)
\pgfarrowsep=\dimen256
)
(/usr/share/texlive/texmf-dist/tex/generic/pgf/basiclayer/pgfcoreshade.code.tex
File: pgfcoreshade.code.tex 2023-01-15 v3.1.10 (3.1.10)
\pgf@max=\dimen257
\pgf@sys@shading@range@num=\count320
\pgf@shadingcount=\count321
)
(/usr/share/texlive/texmf-dist/tex/generic/pgf/basiclayer/pgfcoreimage.code.tex
File: pgfcoreimage.code.tex 2023-01-15 v3.1.10 (3.1.10)
)
(/usr/share/texlive/texmf-dist/tex/generic/pgf/basiclayer/pgfcoreexternal.code.
tex
File: pgfcoreexternal.code.tex 2023-01-15 v3.1.10 (3.1.10)
\pgfexternal@startupbox=\box64
)
(/usr/share/texlive/texmf-dist/tex/generic/pgf/basiclayer/pgfcorelayers.code.te
x
File: pgfcorelayers.code.tex 2023-01-15 v3.1.10 (3.1.10)
)
(/usr/share/texlive/texmf-dist/tex/generic/pgf/basiclayer/pgfcoretransparency.c
ode.tex
File: pgfcoretransparency.code.tex 2023-01-15 v3.1.10 (3.1.10)
)
(/usr/share/texlive/texmf-dist/tex/generic/pgf/basiclayer/pgfcorepatterns.code.
tex
File: pgfcorepatterns.code.tex 2023-01-15 v3.1.10 (3.1.10)
)
(/usr/share/texlive/texmf-dist/tex/generic/pgf/basiclayer/pgfcorerdf.code.tex
File: pgfcorerdf.code.tex 2023-01-15 v3.1.10 (3.1.10)
)))
(/usr/share/texlive/texmf-dist/tex/generic/pgf/modules/pgfmoduleshapes.code.tex
File: pgfmoduleshapes.code.tex 2023-01-15 v3.1.10 (3.1.10)
\pgfnodeparttextbox=\box65
) (/usr/share/texlive/texmf-dist/tex/generic/pgf/modules/pgfmoduleplot.code.tex
File: pgfmoduleplot.code.tex 2023-01-15 v3.1.10 (3.1.10)
)
(/usr/share/texlive/texmf-dist/tex/latex/pgf/compatibility/pgfcomp-version-0-65
.sty
Package: pgfcomp-version-0-65 2023-01-15 v3.1.10 (3.1.10)
\pgf@nodesepstart=\dimen258
\pgf@nodesepend=\dimen259
)
(/usr/share/texlive/texmf-dist/tex/latex/pgf/compatibility/pgfcomp-version-1-18
.sty
Package: pgfcomp-version-1-18 2023-01-15 v3.1.10 (3.1.10)
)) (/usr/share/texlive/texmf-dist/tex/latex/pgf/utilities/pgffor.sty
(/usr/share/texlive/texmf-dist/tex/latex/pgf/utilities/pgfkeys.sty
(/usr/share/texlive/texmf-dist/tex/generic/pgf/utilities/pgfkeys.code.tex))
(/usr/share/texlive/texmf-dist/tex/latex/pgf/math/pgfmath.sty
(/usr/share/texlive/texmf-dist/tex/generic/pgf/math/pgfmath.code.tex))
(/usr/share/texlive/texmf-dist/tex/generic/pgf/utilities/pgffor.code.tex
Package: pgffor 2023-01-15 v3.1.10 (3.1.10)
\pgffor@iter=\dimen260
\pgffor@skip=\dimen261
\pgffor@stack=\toks31
\pgffor@toks=\toks32
))
(/usr/share/texlive/texmf-dist/tex/generic/pgf/frontendlayer/tikz/tikz.code.tex
Package: tikz 2023-01-15 v3.1.10 (3.1.10)

(/usr/share/texlive/texmf-dist/tex/generic/pgf/libraries/pgflibraryplothandlers
.code.tex
File: pgflibraryplothandlers.code.tex 2023-01-15 v3.1.10 (3.1.10)
\pgf@plot@mark@count=\count322
\pgfplotmarksize=\dimen262
)
\tikz@lastx=\dimen263
\tikz@lasty=\dimen264
\tikz@lastxsaved=\dimen265
\tikz@lastysaved=\dimen266
\tikz@lastmovetox=\dimen267
\tikz@lastmovetoy=\dimen268
\tikzleveldistance=\dimen269
\tikzsiblingdistance=\dimen270
\tikz@figbox=\box66
\tikz@figbox@bg=\box67
\tikz@tempbox=\box68
\tikz@tempbox@bg=\box69
\tikztreelevel=\count323
\tikznumberofchildren=\count324
\tikznumberofcurrentchild=\count325
\tikz@fig@count=\count326

(/usr/share/texlive/texmf-dist/tex/generic/pgf/modules/pgfmodulematrix.code.tex
File: pgfmodulematrix.code.tex 2023-01-15 v3.1.10 (3.1.10)
\pgfmatrixcurrentrow=\count327
\pgfmatrixcurrentcolumn=\count328
\pgf@matrix@numberofcolumns=\count329
)
\tikz@expandcount=\count330

(/usr/share/texlive/texmf-dist/tex/generic/pgf/frontendlayer/tikz/libraries/tik
zlibrarytopaths.code.tex
File: tikzlibrarytopaths.code.tex 2023-01-15 v3.1.10 (3.1.10)
)))
(/usr/share/texlive/texmf-dist/tex/latex/tools/verbatim.sty
Package: verbatim 2024-01-22 v1.5x LaTeX2e package for verbatim enhancements
\every@verbatim=\toks33
\verbatim@line=\toks34
\verbatim@in@stream=\read3
)
(/usr/share/texlive/texmf-dist/tex/latex/environ/environ.sty
Package: environ 2014/05/04 v0.3 A new way to define environments

(/usr/share/texlive/texmf-dist/tex/latex/trimspaces/trimspaces.sty
Package: trimspaces 2009/09/17 v1.1 Trim spaces around a token list
)
\@envbody=\toks35
)
\tcb@titlebox=\box70
\tcb@upperbox=\box71
\tcb@lowerbox=\box72
\tcb@phantombox=\box73
\c@tcbbreakpart=\count331
\c@tcblayer=\count332
\c@tcolorbox@number=\count333
\l__tcobox_tmpa_box=\box74
\l__tcobox_tmpa_dim=\dimen271
\tcb@temp=\box75
\tcb@temp=\box76
\tcb@temp=\box77
\tcb@temp=\box78
)
(/usr/share/texlive/texmf-dist/tex/latex/placeins/placeins.sty
Package: placeins 2005/04/18  v 2.2
)
Package hyperref Info: Option `colorlinks' set `true' on input line 36.

(/usr/share/texlive/texmf-dist/tex/latex/float/float.sty
Package: float 2001/11/08 v1.3d Float enhancements (AL)
\c@float@type=\count334
\float@exts=\toks36
\float@box=\box79
\@float@everytoks=\toks37
\@floatcapt=\box80
))
(/usr/share/texlive/texmf-dist/tex/latex/pdfpages/pdfpages.sty
Package: pdfpages 2024/08/20 v0.6b Insert pages of external PDF documents (AM)

(/usr/share/texlive/texmf-dist/tex/latex/eso-pic/eso-pic.sty
Package: eso-pic 2023/05/03 v3.0c eso-pic (RN)
\ESO@tempdima=\dimen272
\ESO@tempdimb=\dimen273
)
\AM@pagewidth=\dimen274
\AM@pageheight=\dimen275
\AM@fboxrule=\dimen276

(/usr/share/texlive/texmf-dist/tex/latex/pdfpages/pppdftex.def
File: pppdftex.def 2024/08/20 v0.6b Pdfpages driver for pdfTeX (AM)
)
\pdfpages@includegraphics@status=\count335
\AM@pagebox=\box81
\AM@global@opts=\toks38
\AM@pagecnt=\count336
\AM@toc@title=\toks39
\AM@lof@heading=\toks40
\c@AM@survey=\count337
\AM@templatesizebox=\box82
)
(./Preambulo/Define.tex) (./Preambulo/Comandos.tex)
(/usr/share/texlive/texmf-dist/tex/latex/l3backend/l3backend-pdftex.def
File: l3backend-pdftex.def 2024-05-08 L3 backend support: PDF output (pdfTeX)
\l__color_backend_stack_int=\count338
\l__pdf_internal_box=\box83
)
(./main.aux (./1.-Perfil/0.-Perfil.aux) (./2.-Estudios/0.-Estudios.aux)
(./3.-Ponencias/0.-Ponencias.aux) (./4.-Meritos/0.-Meritos.aux)
(./5.-Publicaciones/0.-Publicaciones.aux) (./6.-Experiencia/0.-Experiencia.aux)
(./7.-Referencias/0.-Referencias.aux) (./8.-Documentos/0.-Documentos.aux)
(./9.-Certificados/0.-Certificados.aux))
\openout1 = `main.aux'.

LaTeX Font Info:    Checking defaults for OML/cmm/m/it on input line 7.
LaTeX Font Info:    ... okay on input line 7.
LaTeX Font Info:    Checking defaults for OMS/cmsy/m/n on input line 7.
LaTeX Font Info:    ... okay on input line 7.
LaTeX Font Info:    Checking defaults for OT1/cmr/m/n on input line 7.
LaTeX Font Info:    ... okay on input line 7.
LaTeX Font Info:    Checking defaults for T1/cmr/m/n on input line 7.
LaTeX Font Info:    ... okay on input line 7.
LaTeX Font Info:    Checking defaults for TS1/cmr/m/n on input line 7.
LaTeX Font Info:    ... okay on input line 7.
LaTeX Font Info:    Checking defaults for OMX/cmex/m/n on input line 7.
LaTeX Font Info:    ... okay on input line 7.
LaTeX Font Info:    Checking defaults for U/cmr/m/n on input line 7.
LaTeX Font Info:    ... okay on input line 7.
LaTeX Font Info:    Checking defaults for PD1/pdf/m/n on input line 7.
LaTeX Font Info:    ... okay on input line 7.
LaTeX Font Info:    Checking defaults for PU/pdf/m/n on input line 7.
LaTeX Font Info:    ... okay on input line 7.

*geometry* driver: auto-detecting
*geometry* detected driver: pdftex
*geometry* verbose mode - [ preamble ] result:
* driver: pdftex
* paper: a4paper
* layout: <same size as paper>
* layoutoffset:(h,v)=(0.0pt,0.0pt)
* modes: 
* h-part:(L,W,R)=(71.13188pt, 455.24408pt, 71.13191pt)
* v-part:(T,H,B)=(56.9055pt, 731.23582pt, 56.90552pt)
* \paperwidth=597.50787pt
* \paperheight=845.04684pt
* \textwidth=455.24408pt
* \textheight=731.23582pt
* \oddsidemargin=-1.1381pt
* \evensidemargin=-1.1381pt
* \topmargin=-52.36449pt
* \headheight=12.0pt
* \headsep=25.0pt
* \topskip=10.0pt
* \footskip=30.0pt
* \marginparwidth=65.0pt
* \marginparsep=11.0pt
* \columnsep=10.0pt
* \skip\footins=9.0pt plus 4.0pt minus 2.0pt
* \hoffset=0.0pt
* \voffset=0.0pt
* \mag=1000
* \@twocolumnfalse
* \@twosidefalse
* \@mparswitchfalse
* \@reversemarginfalse
* (1in=72.27pt=25.4mm, 1cm=28.453pt)

(/usr/share/texlive/texmf-dist/tex/context/base/mkii/supp-pdf.mkii
[Loading MPS to PDF converter (version 2006.09.02).]
\scratchcounter=\count339
\scratchdimen=\dimen277
\scratchbox=\box84
\nofMPsegments=\count340
\nofMParguments=\count341
\everyMPshowfont=\toks41
\MPscratchCnt=\count342
\MPscratchDim=\dimen278
\MPnumerator=\count343
\makeMPintoPDFobject=\count344
\everyMPtoPDFconversion=\toks42
) (/usr/share/texlive/texmf-dist/tex/latex/epstopdf-pkg/epstopdf-base.sty
Package: epstopdf-base 2020-01-24 v2.11 Base part for package epstopdf
Package epstopdf-base Info: Redefining graphics rule for `.eps' on input line 4
85.

(/usr/share/texlive/texmf-dist/tex/latex/latexconfig/epstopdf-sys.cfg
File: epstopdf-sys.cfg 2010/07/13 v1.3 Configuration of (r)epstopdf for TeX Liv
e
))
Package hyperref Info: Link coloring ON on input line 7.

(./main.out) (./main.out)
\@outlinefile=\write4
\openout4 = `main.out'.


(/usr/share/texlive/texmf-dist/tex/latex/pdflscape/pdflscape.sty
Package: pdflscape 2022-10-27 v0.13 Display of landscape pages in PDF

(/usr/share/texlive/texmf-dist/tex/latex/pdflscape/pdflscape-nometadata.sty
Package: pdflscape-nometadata 2022-10-28 v0.13 Display of landscape pages in PD
F (HO)
Package pdflscape Info: Auto-detected driver: pdftex on input line 81.
))
(./0.-Portada/0.-Portada.tex (./0.-Portada/Contactos.tex
LaTeX Font Info:    Trying to load font information for U+fontawesomeone on inp
ut line 8.

(/usr/share/texlive/texmf-dist/tex/latex/fontawesome/ufontawesomeone.fd
File: ufontawesomeone.fd 2016/05/22 Font definitions for U/fontawesomeone.
)
LaTeX Font Info:    External font `cmex10' loaded for size
(Font)              <7> on input line 8.
LaTeX Font Info:    External font `cmex10' loaded for size
(Font)              <5> on input line 8.
LaTeX Font Info:    Trying to load font information for U+fontawesometwo on inp
ut line 9.

(/usr/share/texlive/texmf-dist/tex/latex/fontawesome/ufontawesometwo.fd
File: ufontawesometwo.fd 2016/05/22 Font definitions for U/fontawesometwo.
)
Overfull \hbox (328.35185pt too wide) in paragraph at lines 8--13
[]$[]$   $[]$ 
 []


Overfull \hbox (328.35185pt too wide) in paragraph at lines 8--13
[]$   $[]$ 
 []


Overfull \hbox (328.35185pt too wide) in paragraph at lines 8--13
[]$   $[]$ 
 []


Overfull \hbox (328.35185pt too wide) in paragraph at lines 8--13
[]$   $[]$
 []


Underfull \hbox (badness 10000) in paragraph at lines 8--13

 []

<Imagenes/Portada/qr_wt.png, id=13, 222.8325pt x 222.8325pt>
File: Imagenes/Portada/qr_wt.png Graphic file (type png)
<use Imagenes/Portada/qr_wt.png>
Package pdftex.def Info: Imagenes/Portada/qr_wt.png  used on input line 22.
(pdftex.def)             Requested size: 91.04742pt x 91.0457pt.
) (./0.-Portada/Formacion.tex
Overfull \hbox (31.8704pt too wide) in paragraph at lines 3--3
[] 
 []

<./Imagenes/Portada/Foto.png, id=14, 162.6075pt x 203.76125pt>
File: ./Imagenes/Portada/Foto.png Graphic file (type png)
<use ./Imagenes/Portada/Foto.png>
Package pdftex.def Info: ./Imagenes/Portada/Foto.png  used on input line 18.
(pdftex.def)             Requested size: 68.28383pt x 85.5667pt.

Overfull \hbox (2.08127pt too wide) in paragraph at lines 22--23
\OT1/cmr/m/n/9 y Co-mu-ni-ca-ciones y Mag^^S^^Pster
 []


Underfull \hbox (badness 1038) in paragraph at lines 22--23
\OT1/cmr/m/n/9 gestor de ser-vi-cios de so-
 []


Overfull \hbox (9.10683pt too wide) in paragraph at lines 34--34
[]$[]$| 
 []


Overfull \hbox (2.89317pt too wide) in alignment at lines 34--34
[]
 []


Overfull \hbox (238.29181pt too wide) in paragraph at lines 34--34
[][]
 []


Underfull \hbox (badness 10000) in paragraph at lines 34--34

 []


Overfull \hbox (8.18484pt too wide) in alignment at lines 42--42
[][]
 []


Overfull \hbox (28.87646pt too wide) in paragraph at lines 43--43
[] 
 []


Overfull \hbox (8.18484pt too wide) in alignment at lines 52--52
[][]
 []


Overfull \hbox (28.87646pt too wide) in paragraph at lines 53--53
[] 
 []


Overfull \hbox (9.10681pt too wide) in paragraph at lines 58--59
[][][]
 []

) (./0.-Portada/Personal.tex
Underfull \hbox (badness 10000) in paragraph at lines 20--21

 []

LaTeX Font Info:    External font `cmex10' loaded for size
(Font)              <14.4> on input line 22.
))

[1

{/var/lib/texmf/fonts/map/pdftex/updmap/pdftex.map}{/usr/share/texlive/texmf-di
st/fonts/enc/dvips/fontawesome/fontawesomeone.enc}{/usr/share/texlive/texmf-dis
t/fonts/enc/dvips/fontawesome/fontawesometwo.enc} <./Imagenes/Portada/qr_wt.png
> <./Imagenes/Portada/Foto.png>]
\openout2 = `1.-Perfil/0.-Perfil.aux'.

 (./1.-Perfil/0.-Perfil.tex
Overfull \hbox (31.8704pt too wide) in paragraph at lines 4--4
 [] 
 []


Overfull \hbox (9.10683pt too wide) in paragraph at lines 17--17
[]$[]$| 
 []


Overfull \hbox (2.89317pt too wide) in alignment at lines 17--17
[]
 []


Overfull \hbox (216.59528pt too wide) in paragraph at lines 17--17
 [][] 
 []


Overfull \hbox (8.18484pt too wide) in alignment at lines 24--24
[][]
 []


Overfull \hbox (7.17993pt too wide) in paragraph at lines 26--26
 [] 
 []


Overfull \hbox (9.10683pt too wide) in paragraph at lines 28--28
[]$[]$| 
 []


Overfull \hbox (2.89317pt too wide) in alignment at lines 28--28
[]
 []


Overfull \hbox (216.59528pt too wide) in paragraph at lines 28--28
 [][] 
 []


Overfull \hbox (8.18484pt too wide) in alignment at lines 35--35
[][]
 []


Overfull \hbox (7.17993pt too wide) in paragraph at lines 36--36
 [] 
 []


Overfull \hbox (9.10683pt too wide) in paragraph at lines 38--38
[]$[]$| 
 []


Overfull \hbox (2.89317pt too wide) in alignment at lines 38--38
[]
 []


Overfull \hbox (216.59528pt too wide) in paragraph at lines 38--38
 [][] 
 []


Overfull \hbox (8.18484pt too wide) in alignment at lines 45--45
[][]
 []


Overfull \hbox (7.17993pt too wide) in paragraph at lines 46--46
 [] 
 []


Overfull \hbox (9.10683pt too wide) in paragraph at lines 48--48
[]$[]$| 
 []


Overfull \hbox (2.89317pt too wide) in alignment at lines 48--48
[]
 []


Overfull \hbox (216.59528pt too wide) in paragraph at lines 48--48
 [][] 
 []


Overfull \hbox (8.18484pt too wide) in alignment at lines 55--55
[][]
 []


Overfull \hbox (7.17993pt too wide) in paragraph at lines 57--57
 [] 
 []


Overfull \hbox (9.10683pt too wide) in paragraph at lines 60--60
[]$[]$| 
 []


Overfull \hbox (2.89317pt too wide) in alignment at lines 60--60
[]
 []


Overfull \hbox (216.59528pt too wide) in paragraph at lines 60--60
 [][] 
 []


Overfull \hbox (8.18484pt too wide) in alignment at lines 67--67
[][]
 []


Overfull \hbox (7.17993pt too wide) in paragraph at lines 69--69
 [] 
 []


Overfull \hbox (9.10683pt too wide) in paragraph at lines 77--77
[]$[]$| 
 []


Overfull \hbox (2.89317pt too wide) in alignment at lines 77--77
[]
 []


Overfull \hbox (259.98836pt too wide) in paragraph at lines 77--77
 [][] 
 []


Overfull \hbox (8.18484pt too wide) in alignment at lines 87--87
[][]
 []


Overfull \hbox (50.57301pt too wide) in paragraph at lines 88--88
 [] 
 []


Overfull \hbox (9.10683pt too wide) in paragraph at lines 90--90
[]$[]$| 
 []


Overfull \hbox (2.89317pt too wide) in alignment at lines 90--90
[]
 []


Overfull \hbox (259.98836pt too wide) in paragraph at lines 90--90
 [][] 
 []


Overfull \hbox (8.18484pt too wide) in alignment at lines 97--97
[][]
 []


Overfull \hbox (50.57301pt too wide) in paragraph at lines 98--98
 [] 
 []


Overfull \hbox (9.10683pt too wide) in paragraph at lines 100--100
[]$[]$| 
 []


Overfull \hbox (2.89317pt too wide) in alignment at lines 100--100
[]
 []


Overfull \hbox (259.98836pt too wide) in paragraph at lines 100--100
 [][] 
 []


Overfull \hbox (8.18484pt too wide) in alignment at lines 108--108
[][]
 []


Overfull \hbox (50.57301pt too wide) in paragraph at lines 109--109
 [] 
 []


Overfull \hbox (9.10683pt too wide) in paragraph at lines 115--115
[]$[]$| 
 []


Overfull \hbox (2.89317pt too wide) in alignment at lines 115--115
[]
 []


Overfull \hbox (259.98836pt too wide) in paragraph at lines 115--115
 [][] 
 []


Overfull \hbox (8.18484pt too wide) in alignment at lines 122--122
[][]
 []


Overfull \hbox (50.57301pt too wide) in paragraph at lines 124--124
 [] 
 []


Overfull \hbox (9.10681pt too wide) in paragraph at lines 131--132
 [][][] 
 []

)

[2

]
\openout2 = `2.-Estudios/0.-Estudios.aux'.

 (./2.-Estudios/0.-Estudios.tex
Overfull \hbox (31.8704pt too wide) in paragraph at lines 3--3
 [] 
 []


Underfull \hbox (badness 10000) in paragraph at lines 8--8

 []


Overfull \hbox (9.10683pt too wide) in paragraph at lines 8--8
[]$[]$| 
 []


Overfull \hbox (2.89317pt too wide) in alignment at lines 8--8
[]
 []

(./2.-Estudios/1.-main.tex
Overfull \hbox (7.0274pt too wide) in alignment at lines 8--8
[][]
 []


Underfull \hbox (badness 10000) in paragraph at lines 8--8

 []


Underfull \hbox (badness 10000) in paragraph at lines 8--8

 []


Underfull \hbox (badness 10000) in paragraph at lines 8--8

 []


Overfull \hbox (31.8704pt too wide) in paragraph at lines 9--9
 [] 
 []


Overfull \hbox (7.0274pt too wide) in alignment at lines 18--18
[][]
 []


Underfull \hbox (badness 10000) in paragraph at lines 18--18

 []


Underfull \hbox (badness 10000) in paragraph at lines 18--18

 []


Underfull \hbox (badness 10000) in paragraph at lines 18--18

 []


Overfull \hbox (31.8704pt too wide) in paragraph at lines 19--19
 [] 
 []


Overfull \hbox (7.0274pt too wide) in alignment at lines 29--29
[][]
 []


Underfull \hbox (badness 10000) in paragraph at lines 29--29

 []


Underfull \hbox (badness 10000) in paragraph at lines 29--29

 []


Underfull \hbox (badness 10000) in paragraph at lines 29--29

 []


Overfull \hbox (31.8704pt too wide) in paragraph at lines 30--30
 [] 
 []


Overfull \hbox (7.0274pt too wide) in alignment at lines 41--41
[][]
 []


Underfull \hbox (badness 10000) in paragraph at lines 41--41

 []


Underfull \hbox (badness 10000) in paragraph at lines 41--41

 []


Underfull \hbox (badness 10000) in paragraph at lines 41--41

 []


Overfull \hbox (31.8704pt too wide) in paragraph at lines 42--42
 [] 
 []


Overfull \hbox (7.0274pt too wide) in alignment at lines 51--51
[][]
 []


Underfull \hbox (badness 10000) in paragraph at lines 51--51

 []


Underfull \hbox (badness 10000) in paragraph at lines 51--51

 []


Underfull \hbox (badness 10000) in paragraph at lines 51--51

 []


Overfull \hbox (31.8704pt too wide) in paragraph at lines 52--52
 [] 
 []


Overfull \hbox (7.0274pt too wide) in alignment at lines 62--62
[][]
 []


Underfull \hbox (badness 10000) in paragraph at lines 62--62

 []


Underfull \hbox (badness 10000) in paragraph at lines 62--62

 []


Underfull \hbox (badness 10000) in paragraph at lines 62--62

 []


Overfull \hbox (31.8704pt too wide) in paragraph at lines 63--63
 [] 
 []


Overfull \hbox (7.0274pt too wide) in alignment at lines 73--73
[][]
 []


Underfull \hbox (badness 10000) in paragraph at lines 73--73

 []


Underfull \hbox (badness 10000) in paragraph at lines 73--73

 []


Underfull \hbox (badness 10000) in paragraph at lines 73--73

 []


Overfull \hbox (31.8704pt too wide) in paragraph at lines 74--74
 [] 
 []


Overfull \hbox (7.0274pt too wide) in alignment at lines 83--83
[][]
 []


Underfull \hbox (badness 10000) in paragraph at lines 83--83

 []


Underfull \hbox (badness 10000) in paragraph at lines 83--83

 []


Underfull \hbox (badness 10000) in paragraph at lines 83--83

 []


Overfull \hbox (31.8704pt too wide) in paragraph at lines 84--84
 [] 
 []


Overfull \hbox (7.0274pt too wide) in alignment at lines 93--93
[][]
 []


Underfull \hbox (badness 10000) in paragraph at lines 93--93

 []


Underfull \hbox (badness 10000) in paragraph at lines 93--93

 []


Underfull \hbox (badness 10000) in paragraph at lines 93--93

 []


Overfull \hbox (31.8704pt too wide) in paragraph at lines 94--94
 [] 
 []

)

[3



] (./2.-Estudios/2.-release.tex
Overfull \hbox (7.0274pt too wide) in alignment at lines 9--9
[][]
 []


Underfull \hbox (badness 10000) in paragraph at lines 9--9

 []


Underfull \hbox (badness 10000) in paragraph at lines 9--9

 []


Underfull \hbox (badness 10000) in paragraph at lines 9--9

 []


Overfull \hbox (31.8704pt too wide) in paragraph at lines 10--10
 [] 
 []


Overfull \hbox (7.0274pt too wide) in alignment at lines 20--20
[][]
 []


Underfull \hbox (badness 10000) in paragraph at lines 20--20

 []


Underfull \hbox (badness 10000) in paragraph at lines 20--20

 []


Underfull \hbox (badness 10000) in paragraph at lines 20--20

 []


Overfull \hbox (31.8704pt too wide) in paragraph at lines 21--21
 [] 
 []


Overfull \hbox (7.0274pt too wide) in alignment at lines 30--30
[][]
 []


Underfull \hbox (badness 10000) in paragraph at lines 30--30

 []


Underfull \hbox (badness 10000) in paragraph at lines 30--30

 []


Underfull \hbox (badness 10000) in paragraph at lines 30--30

 []


Overfull \hbox (31.8704pt too wide) in paragraph at lines 31--31
 [] 
 []


Overfull \hbox (7.0274pt too wide) in alignment at lines 40--40
[][]
 []


Underfull \hbox (badness 10000) in paragraph at lines 40--40

 []


Underfull \hbox (badness 10000) in paragraph at lines 40--40

 []


Underfull \hbox (badness 10000) in paragraph at lines 40--40

 []


Overfull \hbox (31.8704pt too wide) in paragraph at lines 41--41
 [] 
 []


Overfull \hbox (7.0274pt too wide) in alignment at lines 52--52
[][]
 []


Underfull \hbox (badness 10000) in paragraph at lines 52--52

 []


Underfull \hbox (badness 10000) in paragraph at lines 52--52

 []


Underfull \hbox (badness 10000) in paragraph at lines 52--52

 []


Overfull \hbox (31.8704pt too wide) in paragraph at lines 53--53
 [] 
 []


Overfull \hbox (7.0274pt too wide) in alignment at lines 62--62
[][]
 []


Underfull \hbox (badness 10000) in paragraph at lines 62--62

 []


Underfull \hbox (badness 10000) in paragraph at lines 62--62

 []


Underfull \hbox (badness 10000) in paragraph at lines 62--62

 []


Overfull \hbox (31.8704pt too wide) in paragraph at lines 63--63
 [] 
 []


Overfull \hbox (7.0274pt too wide) in alignment at lines 72--72
[][]
 []


Underfull \hbox (badness 10000) in paragraph at lines 72--72

 []


Underfull \hbox (badness 10000) in paragraph at lines 72--72

 []


Underfull \hbox (badness 10000) in paragraph at lines 72--72

 []


Overfull \hbox (31.8704pt too wide) in paragraph at lines 73--73
 [] 
 []


Overfull \hbox (7.0274pt too wide) in alignment at lines 83--83
[][]
 []


Underfull \hbox (badness 10000) in paragraph at lines 83--83

 []


Underfull \hbox (badness 10000) in paragraph at lines 83--83

 []


Underfull \hbox (badness 10000) in paragraph at lines 83--83

 []


Overfull \hbox (31.8704pt too wide) in paragraph at lines 84--84
 [] 
 []


Overfull \hbox (7.0274pt too wide) in alignment at lines 93--93
[][]
 []


Underfull \hbox (badness 10000) in paragraph at lines 93--93

 []


Underfull \hbox (badness 10000) in paragraph at lines 93--93

 []


Underfull \hbox (badness 10000) in paragraph at lines 93--93

 []


Overfull \hbox (31.8704pt too wide) in paragraph at lines 94--94
 [] 
 []


Overfull \hbox (7.0274pt too wide) in alignment at lines 103--103
[][]
 []


Underfull \hbox (badness 10000) in paragraph at lines 103--103

 []


Underfull \hbox (badness 10000) in paragraph at lines 103--103

 []


Underfull \hbox (badness 10000) in paragraph at lines 103--103

 []


Overfull \hbox (31.8704pt too wide) in paragraph at lines 104--104
 [] 
 []


Overfull \hbox (7.0274pt too wide) in alignment at lines 113--113
[][]
 []


Underfull \hbox (badness 10000) in paragraph at lines 113--113

 []


Underfull \hbox (badness 10000) in paragraph at lines 113--113

 []


Underfull \hbox (badness 10000) in paragraph at lines 113--113

 []


Overfull \hbox (31.8704pt too wide) in paragraph at lines 114--114
 [] 
 []



[4]
Overfull \hbox (7.0274pt too wide) in alignment at lines 124--124
[][]
 []


Underfull \hbox (badness 10000) in paragraph at lines 124--124

 []


Underfull \hbox (badness 10000) in paragraph at lines 124--124

 []


Underfull \hbox (badness 10000) in paragraph at lines 124--124

 []


Overfull \hbox (31.8704pt too wide) in paragraph at lines 125--125
 [] 
 []


Overfull \hbox (7.0274pt too wide) in alignment at lines 134--134
[][]
 []


Underfull \hbox (badness 10000) in paragraph at lines 134--134

 []


Underfull \hbox (badness 10000) in paragraph at lines 134--134

 []


Underfull \hbox (badness 10000) in paragraph at lines 134--134

 []


Overfull \hbox (31.8704pt too wide) in paragraph at lines 135--135
 [] 
 []


Overfull \hbox (7.0274pt too wide) in alignment at lines 144--144
[][]
 []


Underfull \hbox (badness 10000) in paragraph at lines 144--144

 []


Underfull \hbox (badness 10000) in paragraph at lines 144--144

 []


Underfull \hbox (badness 10000) in paragraph at lines 144--144

 []


Overfull \hbox (31.8704pt too wide) in paragraph at lines 145--145
 [] 
 []


Overfull \hbox (7.0274pt too wide) in alignment at lines 155--155
[][]
 []


Underfull \hbox (badness 10000) in paragraph at lines 155--155

 []


Underfull \hbox (badness 10000) in paragraph at lines 155--155

 []


Underfull \hbox (badness 10000) in paragraph at lines 155--155

 []


Overfull \hbox (31.8704pt too wide) in paragraph at lines 156--156
 [] 
 []


Overfull \hbox (7.0274pt too wide) in alignment at lines 165--165
[][]
 []


Underfull \hbox (badness 10000) in paragraph at lines 165--165

 []


Underfull \hbox (badness 10000) in paragraph at lines 165--165

 []


Underfull \hbox (badness 10000) in paragraph at lines 165--165

 []


Overfull \hbox (31.8704pt too wide) in paragraph at lines 166--166
 [] 
 []


Overfull \hbox (7.0274pt too wide) in alignment at lines 175--175
[][]
 []


Underfull \hbox (badness 10000) in paragraph at lines 175--175

 []


Underfull \hbox (badness 10000) in paragraph at lines 175--175

 []


Underfull \hbox (badness 10000) in paragraph at lines 175--175

 []


Overfull \hbox (31.8704pt too wide) in paragraph at lines 176--176
 [] 
 []


Overfull \hbox (7.0274pt too wide) in alignment at lines 186--186
[][]
 []


Underfull \hbox (badness 10000) in paragraph at lines 186--186

 []


Underfull \hbox (badness 10000) in paragraph at lines 186--186

 []


Underfull \hbox (badness 10000) in paragraph at lines 186--186

 []


Overfull \hbox (31.8704pt too wide) in paragraph at lines 187--187
 [] 
 []

))

[5]
\openout2 = `3.-Ponencias/0.-Ponencias.aux'.

 (./3.-Ponencias/0.-Ponencias.tex
Overfull \hbox (31.8704pt too wide) in paragraph at lines 4--4
 [] 
 []


Underfull \hbox (badness 10000) in paragraph at lines 7--7

 []


Overfull \hbox (9.10683pt too wide) in paragraph at lines 7--7
[]$[]$| 
 []


Overfull \hbox (2.89317pt too wide) in alignment at lines 7--7
[]
 []


Overfull \hbox (7.0274pt too wide) in alignment at lines 14--14
[][]
 []


Underfull \hbox (badness 10000) in paragraph at lines 14--14

 []


Underfull \hbox (badness 10000) in paragraph at lines 14--14

 []


Underfull \hbox (badness 10000) in paragraph at lines 14--14

 []


Overfull \hbox (31.8704pt too wide) in paragraph at lines 15--15
 [] 
 []


Underfull \hbox (badness 10000) in paragraph at lines 20--20

 []


Overfull \hbox (9.10683pt too wide) in paragraph at lines 20--20
[]$[]$| 
 []


Overfull \hbox (2.89317pt too wide) in alignment at lines 20--20
[]
 []


Overfull \hbox (7.0274pt too wide) in alignment at lines 27--27
[][]
 []


Underfull \hbox (badness 10000) in paragraph at lines 27--27

 []


Underfull \hbox (badness 10000) in paragraph at lines 27--27

 []


Underfull \hbox (badness 10000) in paragraph at lines 27--27

 []


Overfull \hbox (31.8704pt too wide) in paragraph at lines 28--28
 [] 
 []


Underfull \hbox (badness 10000) in paragraph at lines 30--30

 []


Overfull \hbox (9.10683pt too wide) in paragraph at lines 30--30
[]$[]$| 
 []


Overfull \hbox (2.89317pt too wide) in alignment at lines 30--30
[]
 []


Overfull \hbox (7.0274pt too wide) in alignment at lines 37--37
[][]
 []


Underfull \hbox (badness 10000) in paragraph at lines 37--37

 []


Underfull \hbox (badness 10000) in paragraph at lines 37--37

 []


Underfull \hbox (badness 10000) in paragraph at lines 37--37

 []


Overfull \hbox (31.8704pt too wide) in paragraph at lines 38--38
 [] 
 []


Underfull \hbox (badness 10000) in paragraph at lines 40--40

 []


Overfull \hbox (9.10683pt too wide) in paragraph at lines 40--40
[]$[]$| 
 []


Overfull \hbox (2.89317pt too wide) in alignment at lines 40--40
[]
 []


Overfull \hbox (7.0274pt too wide) in alignment at lines 47--47
[][]
 []


Underfull \hbox (badness 10000) in paragraph at lines 47--47

 []


Underfull \hbox (badness 10000) in paragraph at lines 47--47

 []


Underfull \hbox (badness 10000) in paragraph at lines 47--47

 []


Overfull \hbox (31.8704pt too wide) in paragraph at lines 48--48
 [] 
 []


Underfull \hbox (badness 10000) in paragraph at lines 51--51

 []


Overfull \hbox (9.10683pt too wide) in paragraph at lines 51--51
[]$[]$| 
 []


Overfull \hbox (2.89317pt too wide) in alignment at lines 51--51
[]
 []


Overfull \hbox (7.0274pt too wide) in alignment at lines 58--58
[][]
 []


Underfull \hbox (badness 10000) in paragraph at lines 58--58

 []


Underfull \hbox (badness 10000) in paragraph at lines 58--58

 []


Underfull \hbox (badness 10000) in paragraph at lines 58--58

 []


Overfull \hbox (31.8704pt too wide) in paragraph at lines 59--59
 [] 
 []



[6



])
\openout2 = `4.-Meritos/0.-Meritos.aux'.

 (./4.-Meritos/0.-Meritos.tex
Overfull \hbox (31.8704pt too wide) in paragraph at lines 4--4
 [] 
 []


Overfull \hbox (7.0274pt too wide) in alignment at lines 13--13
[][]
 []


Underfull \hbox (badness 10000) in paragraph at lines 13--13

 []


Underfull \hbox (badness 10000) in paragraph at lines 13--13

 []


Underfull \hbox (badness 10000) in paragraph at lines 13--13

 []


Overfull \hbox (31.8704pt too wide) in paragraph at lines 14--14
 [] 
 []


Overfull \hbox (7.0274pt too wide) in alignment at lines 24--24
[][]
 []


Underfull \hbox (badness 10000) in paragraph at lines 24--24

 []


Underfull \hbox (badness 10000) in paragraph at lines 24--24

 []


Underfull \hbox (badness 10000) in paragraph at lines 24--24

 []


Overfull \hbox (31.8704pt too wide) in paragraph at lines 25--25
 [] 
 []


Overfull \hbox (7.0274pt too wide) in alignment at lines 33--33
[][]
 []


Underfull \hbox (badness 10000) in paragraph at lines 33--33

 []


Underfull \hbox (badness 10000) in paragraph at lines 33--33

 []


Underfull \hbox (badness 10000) in paragraph at lines 33--33

 []


Overfull \hbox (31.8704pt too wide) in paragraph at lines 34--34
 [] 
 []


Overfull \hbox (7.0274pt too wide) in alignment at lines 42--42
[][]
 []


Underfull \hbox (badness 10000) in paragraph at lines 42--42

 []


Underfull \hbox (badness 10000) in paragraph at lines 42--42

 []


Underfull \hbox (badness 10000) in paragraph at lines 42--42

 []


Overfull \hbox (31.8704pt too wide) in paragraph at lines 43--43
 [] 
 []


Overfull \hbox (7.0274pt too wide) in alignment at lines 52--52
[][]
 []


Underfull \hbox (badness 10000) in paragraph at lines 52--52

 []


Underfull \hbox (badness 10000) in paragraph at lines 52--52

 []


Underfull \hbox (badness 10000) in paragraph at lines 52--52

 []


Overfull \hbox (31.8704pt too wide) in paragraph at lines 53--53
 [] 
 []


Overfull \hbox (7.0274pt too wide) in alignment at lines 62--62
[][]
 []


Underfull \hbox (badness 10000) in paragraph at lines 62--62

 []


Underfull \hbox (badness 10000) in paragraph at lines 62--62

 []


Underfull \hbox (badness 10000) in paragraph at lines 62--62

 []


Overfull \hbox (31.8704pt too wide) in paragraph at lines 63--63
 [] 
 []



[7



{/usr/share/texlive/texmf-dist/fonts/enc/dvips/cm-super/cm-super-ts1.enc}])
\openout2 = `5.-Publicaciones/0.-Publicaciones.aux'.


(./5.-Publicaciones/0.-Publicaciones.tex
Overfull \hbox (31.8704pt too wide) in paragraph at lines 4--4
 [] 
 []


Underfull \hbox (badness 10000) in paragraph at lines 6--6

 []


Overfull \hbox (9.10683pt too wide) in paragraph at lines 6--6
[]$[]$| 
 []


Overfull \hbox (2.89317pt too wide) in alignment at lines 6--6
[]
 []


Overfull \hbox (7.0274pt too wide) in alignment at lines 16--16
[][]
 []


Underfull \hbox (badness 10000) in paragraph at lines 16--16

 []


Underfull \hbox (badness 10000) in paragraph at lines 16--16

 []


Underfull \hbox (badness 10000) in paragraph at lines 16--16

 []


Overfull \hbox (31.8704pt too wide) in paragraph at lines 17--17
 [] 
 []


Overfull \hbox (7.0274pt too wide) in alignment at lines 27--27
[][]
 []


Underfull \hbox (badness 10000) in paragraph at lines 27--27

 []


Underfull \hbox (badness 10000) in paragraph at lines 27--27

 []


Underfull \hbox (badness 10000) in paragraph at lines 27--27

 []


Overfull \hbox (31.8704pt too wide) in paragraph at lines 28--28
 [] 
 []


Overfull \hbox (7.0274pt too wide) in alignment at lines 36--36
[][]
 []


Underfull \hbox (badness 10000) in paragraph at lines 36--36

 []


Underfull \hbox (badness 10000) in paragraph at lines 36--36

 []


Underfull \hbox (badness 10000) in paragraph at lines 36--36

 []


Overfull \hbox (31.8704pt too wide) in paragraph at lines 37--37
 [] 
 []


Overfull \hbox (7.0274pt too wide) in alignment at lines 46--46
[][]
 []


Underfull \hbox (badness 10000) in paragraph at lines 46--46

 []


Underfull \hbox (badness 10000) in paragraph at lines 46--46

 []


Underfull \hbox (badness 10000) in paragraph at lines 46--46

 []


Overfull \hbox (31.8704pt too wide) in paragraph at lines 47--47
 [] 
 []


Overfull \hbox (7.0274pt too wide) in alignment at lines 55--55
[][]
 []


Underfull \hbox (badness 10000) in paragraph at lines 55--55

 []


Underfull \hbox (badness 10000) in paragraph at lines 55--55

 []


Underfull \hbox (badness 10000) in paragraph at lines 55--55

 []


Overfull \hbox (31.8704pt too wide) in paragraph at lines 56--56
 [] 
 []


Overfull \hbox (7.0274pt too wide) in alignment at lines 64--64
[][]
 []


Underfull \hbox (badness 10000) in paragraph at lines 64--64

 []


Underfull \hbox (badness 10000) in paragraph at lines 64--64

 []


Underfull \hbox (badness 10000) in paragraph at lines 64--64

 []


Overfull \hbox (31.8704pt too wide) in paragraph at lines 65--65
 [] 
 []


Overfull \hbox (7.0274pt too wide) in alignment at lines 74--74
[][]
 []


Underfull \hbox (badness 10000) in paragraph at lines 74--74

 []


Underfull \hbox (badness 10000) in paragraph at lines 74--74

 []


Underfull \hbox (badness 10000) in paragraph at lines 74--74

 []


Overfull \hbox (31.8704pt too wide) in paragraph at lines 75--75
 [] 
 []



[8



])
\openout2 = `6.-Experiencia/0.-Experiencia.aux'.

 (./6.-Experiencia/0.-Experiencia.tex
Overfull \hbox (31.8704pt too wide) in paragraph at lines 5--5
 [] 
 []


Underfull \hbox (badness 10000) in paragraph at lines 9--9

 []


Overfull \hbox (9.10683pt too wide) in paragraph at lines 9--9
[]$[]$| 
 []


Overfull \hbox (2.89317pt too wide) in alignment at lines 9--9
[]
 []


Overfull \hbox (7.0274pt too wide) in alignment at lines 20--20
[][]
 []


Underfull \hbox (badness 10000) in paragraph at lines 20--20

 []


Underfull \hbox (badness 10000) in paragraph at lines 20--20

 []


Underfull \hbox (badness 10000) in paragraph at lines 20--20

 []


Overfull \hbox (31.8704pt too wide) in paragraph at lines 21--21
 [] 
 []


Overfull \hbox (7.0274pt too wide) in alignment at lines 33--33
[][]
 []


Underfull \hbox (badness 10000) in paragraph at lines 33--33

 []


Underfull \hbox (badness 10000) in paragraph at lines 33--33

 []


Underfull \hbox (badness 10000) in paragraph at lines 33--33

 []


Overfull \hbox (31.8704pt too wide) in paragraph at lines 34--34
 [] 
 []


Underfull \hbox (badness 10000) in paragraph at lines 37--37

 []


Overfull \hbox (9.10683pt too wide) in paragraph at lines 37--37
[]$[]$| 
 []


Overfull \hbox (2.89317pt too wide) in alignment at lines 37--37
[]
 []


Overfull \hbox (7.0274pt too wide) in alignment at lines 51--51
[][]
 []


Underfull \hbox (badness 10000) in paragraph at lines 51--51

 []


Underfull \hbox (badness 10000) in paragraph at lines 51--51

 []


Underfull \hbox (badness 10000) in paragraph at lines 51--51

 []


Underfull \hbox (badness 10000) in paragraph at lines 51--51

 []


Overfull \hbox (31.8704pt too wide) in paragraph at lines 52--52
 [] 
 []


Underfull \hbox (badness 10000) in paragraph at lines 55--55

 []


Overfull \hbox (9.10683pt too wide) in paragraph at lines 55--55
[]$[]$| 
 []


Overfull \hbox (2.89317pt too wide) in alignment at lines 55--55
[]
 []


Overfull \hbox (7.0274pt too wide) in alignment at lines 66--66
[][]
 []


Underfull \hbox (badness 10000) in paragraph at lines 66--66

 []


Underfull \hbox (badness 10000) in paragraph at lines 66--66

 []


Underfull \hbox (badness 10000) in paragraph at lines 66--66

 []


Overfull \hbox (31.8704pt too wide) in paragraph at lines 67--67
 [] 
 []



[9



]

[10])
\openout2 = `7.-Referencias/0.-Referencias.aux'.

 (./7.-Referencias/0.-Referencias.tex
Overfull \hbox (31.8704pt too wide) in paragraph at lines 4--4
 [] 
 []


Overfull \hbox (7.0274pt too wide) in alignment at lines 13--13
[][]
 []


Underfull \hbox (badness 10000) in paragraph at lines 13--13

 []


Underfull \hbox (badness 10000) in paragraph at lines 13--13

 []


Underfull \hbox (badness 10000) in paragraph at lines 13--13

 []


Overfull \hbox (31.8704pt too wide) in paragraph at lines 14--14
 [] 
 []


Overfull \hbox (7.0274pt too wide) in alignment at lines 22--22
[][]
 []


Underfull \hbox (badness 10000) in paragraph at lines 22--22

 []


Underfull \hbox (badness 10000) in paragraph at lines 22--22

 []


Underfull \hbox (badness 10000) in paragraph at lines 22--22

 []


Overfull \hbox (31.8704pt too wide) in paragraph at lines 23--23
 [] 
 []


Overfull \hbox (7.0274pt too wide) in alignment at lines 32--32
[][]
 []


Underfull \hbox (badness 10000) in paragraph at lines 32--32

 []


Underfull \hbox (badness 10000) in paragraph at lines 32--32

 []


Underfull \hbox (badness 10000) in paragraph at lines 32--32

 []


Overfull \hbox (31.8704pt too wide) in paragraph at lines 33--33
 [] 
 []


Overfull \hbox (7.0274pt too wide) in alignment at lines 41--41
[][]
 []


Underfull \hbox (badness 10000) in paragraph at lines 41--41

 []


Underfull \hbox (badness 10000) in paragraph at lines 41--41

 []


Underfull \hbox (badness 10000) in paragraph at lines 41--41

 []


Overfull \hbox (31.8704pt too wide) in paragraph at lines 42--42
 [] 
 []


Overfull \hbox (7.0274pt too wide) in alignment at lines 52--52
[][]
 []


Underfull \hbox (badness 10000) in paragraph at lines 52--52

 []


Underfull \hbox (badness 10000) in paragraph at lines 52--52

 []


Underfull \hbox (badness 10000) in paragraph at lines 52--52

 []


Overfull \hbox (31.8704pt too wide) in paragraph at lines 53--53
 [] 
 []


Overfull \hbox (7.0274pt too wide) in alignment at lines 64--64
[][]
 []


Underfull \hbox (badness 10000) in paragraph at lines 64--64

 []


Underfull \hbox (badness 10000) in paragraph at lines 64--64

 []


Underfull \hbox (badness 10000) in paragraph at lines 64--64

 []


Overfull \hbox (31.8704pt too wide) in paragraph at lines 65--65
 [] 
 []

<./Imagenes/Documentos/qr_cv.png, id=76, 2181.14874pt x 2181.14874pt>
File: ./Imagenes/Documentos/qr_cv.png Graphic file (type png)
<use ./Imagenes/Documentos/qr_cv.png>
Package pdftex.def Info: ./Imagenes/Documentos/qr_cv.png  used on input line 69
.
(pdftex.def)             Requested size: 227.62204pt x 227.61292pt.
(./7.-Referencias/Adicionales.tex

[11



 <./Imagenes/Documentos/qr_cv.png>]))
\openout2 = `8.-Documentos/0.-Documentos.aux'.

 (./8.-Documentos/0.-Documentos.tex
Overfull \hbox (31.8704pt too wide) in paragraph at lines 4--4
 [] 
 []

<./Imagenes/Documentos/Cedula1.png, id=82, 457.71pt x 292.09125pt>
File: ./Imagenes/Documentos/Cedula1.png Graphic file (type png)
<use ./Imagenes/Documentos/Cedula1.png>
Package pdftex.def Info: ./Imagenes/Documentos/Cedula1.png  used on input line 
19.
(pdftex.def)             Requested size: 227.62204pt x 145.25636pt.

Overfull \hbox (10.66978pt too wide) in paragraph at lines 19--20
 [][] 
 []

<./Imagenes/Documentos/Cedula2.png, id=83, 476.78125pt x 319.1925pt>
File: ./Imagenes/Documentos/Cedula2.png Graphic file (type png)
<use ./Imagenes/Documentos/Cedula2.png>
Package pdftex.def Info: ./Imagenes/Documentos/Cedula2.png  used on input line 
33.
(pdftex.def)             Requested size: 227.62204pt x 152.38754pt.

Overfull \hbox (10.66977pt too wide) in paragraph at lines 33--34
 [][] 
 []

File: ./Imagenes/Documentos/qr_cv.png Graphic file (type png)
<use ./Imagenes/Documentos/qr_cv.png>
Package pdftex.def Info: ./Imagenes/Documentos/qr_cv.png  used on input line 47
.
(pdftex.def)             Requested size: 227.62204pt x 227.61292pt.
)
Overfull \hbox (9.10681pt too wide) in paragraph at lines 53--17
 [][][] 
 []



[12



 <./Imagenes/Documentos/Cedula1.png> <./Imagenes/Documentos/Cedula2.png>]
\openout2 = `9.-Certificados/0.-Certificados.aux'.


(./9.-Certificados/0.-Certificados.tex
Overfull \hbox (31.8704pt too wide) in paragraph at lines 5--5
 [] 
 []

<0.-Portada/Certificados/PUCE.png, id=91, 816.04875pt x 565.36218pt>
File: 0.-Portada/Certificados/PUCE.png Graphic file (type png)
<use 0.-Portada/Certificados/PUCE.png>
Package pdftex.def Info: 0.-Portada/Certificados/PUCE.png  used on input line 2
0.
(pdftex.def)             Requested size: 486.54054pt x 337.08049pt.

Overfull \hbox (31.29646pt too wide) in paragraph at lines 20--20
 [][] 
 []



[13



 <./0.-Portada/Certificados/PUCE.png>]
<0.-Portada/Certificados/UTA.png, id=98, 596.98032pt x 844.65562pt>
File: 0.-Portada/Certificados/UTA.png Graphic file (type png)
<use 0.-Portada/Certificados/UTA.png>
Package pdftex.def Info: 0.-Portada/Certificados/UTA.png  used on input line 33
.
(pdftex.def)             Requested size: 460.9315pt x 652.16545pt.

Overfull \hbox (5.68742pt too wide) in paragraph at lines 33--34
[][] 
 []

(./9.-Certificados/1.-Perfil.tex

pdfTeX warning: pdflatex (file ./1.-Perfil/Certificados/Puce.pdf): PDF inclusio
n: found PDF version <1.6>, but at most version <1.5> allowed
<1.-Perfil/Certificados/Puce.pdf, id=99, 614.295pt x 794.97pt>
File: 1.-Perfil/Certificados/Puce.pdf Graphic file (type pdf)
<use 1.-Perfil/Certificados/Puce.pdf>
Package pdftex.def Info: 1.-Perfil/Certificados/Puce.pdf  used on input line 3.

(pdftex.def)             Requested size: 507.03091pt x 656.1616pt.

Overfull \hbox (26.78683pt too wide) in paragraph at lines 3--4
[][] 
 []



pdfTeX warning: pdflatex (file ./1.-Perfil/Certificados/Toefl_1.pdf): PDF inclu
sion: found PDF version <1.6>, but at most version <1.5> allowed
<1.-Perfil/Certificados/Toefl_1.pdf, id=100, 1011.78pt x 614.295pt>
File: 1.-Perfil/Certificados/Toefl_1.pdf Graphic file (type pdf)
<use 1.-Perfil/Certificados/Toefl_1.pdf>
Package pdftex.def Info: 1.-Perfil/Certificados/Toefl_1.pdf  used on input line
 85.
(pdftex.def)             Requested size: 640.187pt x 388.6951pt.

Overfull \hbox (104.94292pt too wide) in paragraph at lines 85--85
[][] 
 []



pdfTeX warning: pdflatex (file ./1.-Perfil/Certificados/Toefl_2.pdf): PDF inclu
sion: found PDF version <1.6>, but at most version <1.5> allowed
<1.-Perfil/Certificados/Toefl_2.pdf, id=101, 614.295pt x 1011.78pt>
File: 1.-Perfil/Certificados/Toefl_2.pdf Graphic file (type pdf)
<use 1.-Perfil/Certificados/Toefl_2.pdf>
Package pdftex.def Info: 1.-Perfil/Certificados/Toefl_2.pdf  used on input line
 85.
(pdftex.def)             Requested size: 486.54054pt x 801.36621pt.

Overfull \hbox (21.29646pt too wide) in paragraph at lines 85--85
[][] 
 []


LaTeX Warning: Float too large for page by 70.13039pt on input line 85.



pdfTeX warning: pdflatex (file ./1.-Perfil/Certificados/Toefl_3.pdf): PDF inclu
sion: found PDF version <1.6>, but at most version <1.5> allowed
<1.-Perfil/Certificados/Toefl_3.pdf, id=102, 614.295pt x 1011.78pt>
File: 1.-Perfil/Certificados/Toefl_3.pdf Graphic file (type pdf)
<use 1.-Perfil/Certificados/Toefl_3.pdf>
Package pdftex.def Info: 1.-Perfil/Certificados/Toefl_3.pdf  used on input line
 85.
(pdftex.def)             Requested size: 486.54054pt x 801.36621pt.

Overfull \hbox (21.29646pt too wide) in paragraph at lines 85--85
[][] 
 []


LaTeX Warning: Float too large for page by 70.13039pt on input line 85.



pdfTeX warning: pdflatex (file ./1.-Perfil/Certificados/Docencia.pdf): PDF incl
usion: found PDF version <1.7>, but at most version <1.5> allowed
<1.-Perfil/Certificados/Docencia.pdf, id=103, 845.04686pt x 597.50786pt>
File: 1.-Perfil/Certificados/Docencia.pdf Graphic file (type pdf)
<use 1.-Perfil/Certificados/Docencia.pdf>
Package pdftex.def Info: 1.-Perfil/Certificados/Docencia.pdf  used on input lin
e 85.
(pdftex.def)             Requested size: 507.03091pt x 358.50748pt.

Overfull \hbox (26.78683pt too wide) in paragraph at lines 85--85
[][] 
 []



pdfTeX warning: pdflatex (file ./1.-Perfil/Certificados/Distinci처n.pdf): PDF i
nclusion: found PDF version <1.6>, but at most version <1.5> allowed
<1.-Perfil/Certificados/Distinci처n.pdf, id=104, 597.50786pt x 845.04686pt>
File: 1.-Perfil/Certificados/Distinci처n.pdf Graphic file (type pdf)
<use 1.-Perfil/Certificados/Distinci처n.pdf>
Package pdftex.def Info: 1.-Perfil/Certificados/Distinci처n.pdf  used on input 
line 85.
(pdftex.def)             Requested size: 358.50314pt x 507.01913pt.

Overfull \hbox (41.77505pt too wide) in paragraph at lines 85--85
[][] 
 []



pdfTeX warning: pdflatex (file ./1.-Perfil/Certificados/Velasco.pdf): PDF inclu
sion: found PDF version <1.6>, but at most version <1.5> allowed
<1.-Perfil/Certificados/Velasco.pdf, id=105, 614.295pt x 794.97pt>
File: 1.-Perfil/Certificados/Velasco.pdf Graphic file (type pdf)
<use 1.-Perfil/Certificados/Velasco.pdf>
Package pdftex.def Info: 1.-Perfil/Certificados/Velasco.pdf  used on input line
 85.
(pdftex.def)             Requested size: 358.50314pt x 463.94566pt.
<1.-Perfil/Certificados/Investigaci처n.pdf, id=106, 1616.0375pt x 1084.05pt>
File: 1.-Perfil/Certificados/Investigaci처n.pdf Graphic file (type pdf)
<use 1.-Perfil/Certificados/Investigaci처n.pdf>
Package pdftex.def Info: 1.-Perfil/Certificados/Investigaci처n.pdf  used on inp
ut line 85.
(pdftex.def)             Requested size: 512.1496pt x 343.54521pt.

Overfull \hbox (36.90552pt too wide) in paragraph at lines 85--85
[][] 
 []

<1.-Perfil/Certificados/Oracle.pdf, id=107, 845.0471pt x 597.50829pt>
File: 1.-Perfil/Certificados/Oracle.pdf Graphic file (type pdf)
<use 1.-Perfil/Certificados/Oracle.pdf>
Package pdftex.def Info: 1.-Perfil/Certificados/Oracle.pdf  used on input line 
85.
(pdftex.def)             Requested size: 512.1496pt x 362.13638pt.

Overfull \hbox (36.90552pt too wide) in paragraph at lines 85--85
[][] 
 []



pdfTeX warning: pdflatex (file ./1.-Perfil/Certificados/Hacking.pdf): PDF inclu
sion: found PDF version <1.6>, but at most version <1.5> allowed
<1.-Perfil/Certificados/Hacking.pdf, id=108, 845.0471pt x 597.50829pt>
File: 1.-Perfil/Certificados/Hacking.pdf Graphic file (type pdf)
<use 1.-Perfil/Certificados/Hacking.pdf>
Package pdftex.def Info: 1.-Perfil/Certificados/Hacking.pdf  used on input line
 85.
(pdftex.def)             Requested size: 486.54054pt x 344.02045pt.

Overfull \hbox (21.29646pt too wide) in paragraph at lines 85--85
[][] 
 []

) (./9.-Certificados/2.-Estudios.tex

[14 <./0.-Portada/Certificados/UTA.png>]

[15 <./1.-Perfil/Certificados/Puce.pdf>]

[16 <./1.-Perfil/Certificados/Toefl_1.pdf>]

[17 <./1.-Perfil/Certificados/Toefl_2.pdf>]

[18 <./1.-Perfil/Certificados/Toefl_3.pdf>]

[19 <./1.-Perfil/Certificados/Docencia.pdf> <./1.-Perfil/Certificados/Distinci�
쿻.pdf

pdfTeX warning: pdflatex (file ./1.-Perfil/Certificados/Distinci처n.pdf): PDF i
nclusion: multiple pdfs with page group included in a single page
>]

[20 <./1.-Perfil/Certificados/Velasco.pdf> <./1.-Perfil/Certificados/Investigac
i처n.pdf>]

[21 <./1.-Perfil/Certificados/Oracle.pdf> <./1.-Perfil/Certificados/Hacking.pdf


pdfTeX warning: pdflatex (file ./1.-Perfil/Certificados/Hacking.pdf): PDF inclu
sion: multiple pdfs with page group included in a single page
>]

pdfTeX warning: pdflatex (file ./2.-Estudios/Certificados/28.pdf): PDF inclusio
n: found PDF version <1.7>, but at most version <1.5> allowed
<2.-Estudios/Certificados/28.pdf, id=368, 845.04686pt x 597.50786pt>
File: 2.-Estudios/Certificados/28.pdf Graphic file (type pdf)
<use 2.-Estudios/Certificados/28.pdf>
Package pdftex.def Info: 2.-Estudios/Certificados/28.pdf  used on input line 6.

(pdftex.def)             Requested size: 512.1496pt x 362.13612pt.

Overfull \hbox (36.90552pt too wide) in paragraph at lines 6--7
[][] 
 []

<2.-Estudios/Certificados/27.pdf, id=369, 692.5875pt x 481.8pt>
File: 2.-Estudios/Certificados/27.pdf Graphic file (type pdf)
<use 2.-Estudios/Certificados/27.pdf>
Package pdftex.def Info: 2.-Estudios/Certificados/27.pdf  used on input line 11
.
(pdftex.def)             Requested size: 512.1496pt x 356.2838pt.

Overfull \hbox (36.90552pt too wide) in paragraph at lines 11--12
[][] 
 []



pdfTeX warning: pdflatex (file ./2.-Estudios/Certificados/26.pdf): PDF inclusio
n: found PDF version <1.7>, but at most version <1.5> allowed
<2.-Estudios/Certificados/26.pdf, id=370, 845.04686pt x 597.50786pt>
File: 2.-Estudios/Certificados/26.pdf Graphic file (type pdf)
<use 2.-Estudios/Certificados/26.pdf>
Package pdftex.def Info: 2.-Estudios/Certificados/26.pdf  used on input line 16
.
(pdftex.def)             Requested size: 512.1496pt x 362.13612pt.

Overfull \hbox (36.90552pt too wide) in paragraph at lines 16--17
[][] 
 []



pdfTeX warning: pdflatex (file ./2.-Estudios/Certificados/25.pdf): PDF inclusio
n: found PDF version <1.6>, but at most version <1.5> allowed
<2.-Estudios/Certificados/25.pdf, id=371, 597.23125pt x 844.15375pt>
File: 2.-Estudios/Certificados/25.pdf Graphic file (type pdf)
<use 2.-Estudios/Certificados/25.pdf>
Package pdftex.def Info: 2.-Estudios/Certificados/25.pdf  used on input line 22
.
(pdftex.def)             Requested size: 512.1496pt x 723.9358pt.

Overfull \hbox (36.90552pt too wide) in paragraph at lines 22--23
[][] 
 []



pdfTeX warning: pdflatex (file ./2.-Estudios/Certificados/24.pdf): PDF inclusio
n: found PDF version <1.7>, but at most version <1.5> allowed
<2.-Estudios/Certificados/24.pdf, id=372, 845.04686pt x 597.50786pt>
File: 2.-Estudios/Certificados/24.pdf Graphic file (type pdf)
<use 2.-Estudios/Certificados/24.pdf>
Package pdftex.def Info: 2.-Estudios/Certificados/24.pdf  used on input line 27
.
(pdftex.def)             Requested size: 512.1496pt x 362.13612pt.

Overfull \hbox (36.90552pt too wide) in paragraph at lines 27--28
[][] 
 []

<2.-Estudios/Certificados/23.pdf, id=373, 845.05714pt x 597.53236pt>
File: 2.-Estudios/Certificados/23.pdf Graphic file (type pdf)
<use 2.-Estudios/Certificados/23.pdf>
Package pdftex.def Info: 2.-Estudios/Certificados/23.pdf  used on input line 32
.
(pdftex.def)             Requested size: 512.1496pt x 362.15099pt.

Overfull \hbox (36.90552pt too wide) in paragraph at lines 32--33
[][] 
 []



pdfTeX warning: pdflatex (file ./2.-Estudios/Certificados/22.pdf): PDF inclusio
n: found PDF version <1.6>, but at most version <1.5> allowed
<2.-Estudios/Certificados/22.pdf, id=374, 597.23125pt x 844.15375pt>
File: 2.-Estudios/Certificados/22.pdf Graphic file (type pdf)
<use 2.-Estudios/Certificados/22.pdf>
Package pdftex.def Info: 2.-Estudios/Certificados/22.pdf  used on input line 37
.
(pdftex.def)             Requested size: 512.1496pt x 723.9358pt.

Overfull \hbox (36.90552pt too wide) in paragraph at lines 37--38
[][] 
 []



pdfTeX warning: pdflatex (file ./2.-Estudios/Certificados/21.pdf): PDF inclusio
n: found PDF version <1.6>, but at most version <1.5> allowed
<2.-Estudios/Certificados/21.pdf, id=375, 597.50786pt x 845.04686pt>
File: 2.-Estudios/Certificados/21.pdf Graphic file (type pdf)
<use 2.-Estudios/Certificados/21.pdf>
Package pdftex.def Info: 2.-Estudios/Certificados/21.pdf  used on input line 42
.
(pdftex.def)             Requested size: 358.50314pt x 507.01913pt.

Overfull \hbox (31.77505pt too wide) in paragraph at lines 42--43
[][] 
 []

<2.-Estudios/Certificados/20.pdf, id=376, 1616.0375pt x 1084.05pt>
File: 2.-Estudios/Certificados/20.pdf Graphic file (type pdf)
<use 2.-Estudios/Certificados/20.pdf>
Package pdftex.def Info: 2.-Estudios/Certificados/20.pdf  used on input line 48
.
(pdftex.def)             Requested size: 512.1496pt x 343.54521pt.

Overfull \hbox (36.90552pt too wide) in paragraph at lines 48--49
[][] 
 []

<2.-Estudios/Certificados/19.pdf, id=377, 1616.0375pt x 1084.05pt>
File: 2.-Estudios/Certificados/19.pdf Graphic file (type pdf)
<use 2.-Estudios/Certificados/19.pdf>
Package pdftex.def Info: 2.-Estudios/Certificados/19.pdf  used on input line 53
.
(pdftex.def)             Requested size: 512.1496pt x 343.54521pt.

Overfull \hbox (36.90552pt too wide) in paragraph at lines 53--54
[][] 
 []

<2.-Estudios/Certificados/18.pdf, id=378, 1616.0375pt x 1084.05pt>
File: 2.-Estudios/Certificados/18.pdf Graphic file (type pdf)
<use 2.-Estudios/Certificados/18.pdf>
Package pdftex.def Info: 2.-Estudios/Certificados/18.pdf  used on input line 58
.
(pdftex.def)             Requested size: 512.1496pt x 343.54521pt.

Overfull \hbox (36.90552pt too wide) in paragraph at lines 58--59
[][] 
 []

<2.-Estudios/Certificados/17.pdf, id=379, 1616.0375pt x 1084.05pt>
File: 2.-Estudios/Certificados/17.pdf Graphic file (type pdf)
<use 2.-Estudios/Certificados/17.pdf>
Package pdftex.def Info: 2.-Estudios/Certificados/17.pdf  used on input line 63
.
(pdftex.def)             Requested size: 512.1496pt x 343.54521pt.

Overfull \hbox (36.90552pt too wide) in paragraph at lines 63--64
[][] 
 []

<2.-Estudios/Certificados/16.pdf, id=380, 845.05714pt x 597.53236pt>
File: 2.-Estudios/Certificados/16.pdf Graphic file (type pdf)
<use 2.-Estudios/Certificados/16.pdf>
Package pdftex.def Info: 2.-Estudios/Certificados/16.pdf  used on input line 68
.
(pdftex.def)             Requested size: 512.1496pt x 362.15099pt.

Overfull \hbox (36.90552pt too wide) in paragraph at lines 68--69
[][] 
 []



pdfTeX warning: pdflatex (file ./2.-Estudios/Certificados/14.pdf): PDF inclusio
n: found PDF version <1.7>, but at most version <1.5> allowed
<2.-Estudios/Certificados/14.pdf, id=381, 845.04686pt x 597.50786pt>
File: 2.-Estudios/Certificados/14.pdf Graphic file (type pdf)
<use 2.-Estudios/Certificados/14.pdf>
Package pdftex.def Info: 2.-Estudios/Certificados/14.pdf  used on input line 73
.
(pdftex.def)             Requested size: 512.1496pt x 362.13612pt.

Overfull \hbox (36.90552pt too wide) in paragraph at lines 73--74
[][] 
 []

<2.-Estudios/Certificados/13.pdf, id=382, 845.0471pt x 597.50829pt>
File: 2.-Estudios/Certificados/13.pdf Graphic file (type pdf)
<use 2.-Estudios/Certificados/13.pdf>
Package pdftex.def Info: 2.-Estudios/Certificados/13.pdf  used on input line 78
.
(pdftex.def)             Requested size: 512.1496pt x 362.13638pt.

Overfull \hbox (36.90552pt too wide) in paragraph at lines 78--79
[][] 
 []

<2.-Estudios/Certificados/12.pdf, id=383, 845.0471pt x 597.50829pt>
File: 2.-Estudios/Certificados/12.pdf Graphic file (type pdf)
<use 2.-Estudios/Certificados/12.pdf>
Package pdftex.def Info: 2.-Estudios/Certificados/12.pdf  used on input line 83
.
(pdftex.def)             Requested size: 512.1496pt x 362.13638pt.

Overfull \hbox (36.90552pt too wide) in paragraph at lines 83--84
[][] 
 []



pdfTeX warning: pdflatex (file ./2.-Estudios/Certificados/11.pdf): PDF inclusio
n: found PDF version <1.7>, but at most version <1.5> allowed
<2.-Estudios/Certificados/11.pdf, id=384, 597.50829pt x 845.0471pt>
File: 2.-Estudios/Certificados/11.pdf Graphic file (type pdf)
<use 2.-Estudios/Certificados/11.pdf>
Package pdftex.def Info: 2.-Estudios/Certificados/11.pdf  used on input line 88
.
(pdftex.def)             Requested size: 512.1496pt x 724.328pt.

Overfull \hbox (36.90552pt too wide) in paragraph at lines 88--89
[][] 
 []



pdfTeX warning: pdflatex (file ./2.-Estudios/Certificados/10.pdf): PDF inclusio
n: found PDF version <1.7>, but at most version <1.5> allowed
<2.-Estudios/Certificados/10.pdf, id=385, 597.50829pt x 845.0471pt>
File: 2.-Estudios/Certificados/10.pdf Graphic file (type pdf)
<use 2.-Estudios/Certificados/10.pdf>
Package pdftex.def Info: 2.-Estudios/Certificados/10.pdf  used on input line 93
.
(pdftex.def)             Requested size: 512.1496pt x 724.328pt.

Overfull \hbox (36.90552pt too wide) in paragraph at lines 93--94
[][] 
 []



pdfTeX warning: pdflatex (file ./2.-Estudios/Certificados/9.pdf): PDF inclusion
: found PDF version <1.7>, but at most version <1.5> allowed
<2.-Estudios/Certificados/9.pdf, id=386, 597.50786pt x 845.04686pt>
File: 2.-Estudios/Certificados/9.pdf Graphic file (type pdf)
<use 2.-Estudios/Certificados/9.pdf>
Package pdftex.def Info: 2.-Estudios/Certificados/9.pdf  used on input line 98.

(pdftex.def)             Requested size: 512.1496pt x 724.32779pt.

Overfull \hbox (36.90552pt too wide) in paragraph at lines 98--99
[][] 
 []



pdfTeX warning: pdflatex (file ./2.-Estudios/Certificados/8.pdf): PDF inclusion
: found PDF version <1.6>, but at most version <1.5> allowed
<2.-Estudios/Certificados/8.pdf, id=387, 845.07718pt x 597.432pt>
File: 2.-Estudios/Certificados/8.pdf Graphic file (type pdf)
<use 2.-Estudios/Certificados/8.pdf>
Package pdftex.def Info: 2.-Estudios/Certificados/8.pdf  used on input line 103
.
(pdftex.def)             Requested size: 512.1496pt x 362.07193pt.

Overfull \hbox (36.90552pt too wide) in paragraph at lines 103--104
[][] 
 []

<2.-Estudios/Certificados/7.pdf, id=388, 845.0471pt x 597.51233pt>
File: 2.-Estudios/Certificados/7.pdf Graphic file (type pdf)
<use 2.-Estudios/Certificados/7.pdf>
Package pdftex.def Info: 2.-Estudios/Certificados/7.pdf  used on input line 108
.
(pdftex.def)             Requested size: 512.1496pt x 362.13884pt.

Overfull \hbox (36.90552pt too wide) in paragraph at lines 108--109
[][] 
 []



pdfTeX warning: pdflatex (file ./2.-Estudios/Certificados/6.pdf): PDF inclusion
: found PDF version <1.7>, but at most version <1.5> allowed
<2.-Estudios/Certificados/6.pdf, id=389, 843.93492pt x 597.74213pt>
File: 2.-Estudios/Certificados/6.pdf Graphic file (type pdf)
<use 2.-Estudios/Certificados/6.pdf>
Package pdftex.def Info: 2.-Estudios/Certificados/6.pdf  used on input line 113
.
(pdftex.def)             Requested size: 512.1496pt x 362.76152pt.

Overfull \hbox (36.90552pt too wide) in paragraph at lines 113--114
[][] 
 []

<2.-Estudios/Certificados/5.png, id=390, 828.84656pt x 561.59813pt>
File: 2.-Estudios/Certificados/5.png Graphic file (type png)
<use 2.-Estudios/Certificados/5.png>
Package pdftex.def Info: 2.-Estudios/Certificados/5.png  used on input line 118
.
(pdftex.def)             Requested size: 512.1496pt x 347.02182pt.

Overfull \hbox (36.90552pt too wide) in paragraph at lines 118--119
[][] 
 []

<2.-Estudios/Certificados/4.png, id=391, 846.91406pt x 600.74437pt>
File: 2.-Estudios/Certificados/4.png Graphic file (type png)
<use 2.-Estudios/Certificados/4.png>
Package pdftex.def Info: 2.-Estudios/Certificados/4.png  used on input line 123
.
(pdftex.def)             Requested size: 512.1496pt x 363.30022pt.

Overfull \hbox (36.90552pt too wide) in paragraph at lines 123--124
[][] 
 []

<2.-Estudios/Certificados/3.png, id=392, 599.23875pt x 417.05812pt>
File: 2.-Estudios/Certificados/3.png Graphic file (type png)
<use 2.-Estudios/Certificados/3.png>
Package pdftex.def Info: 2.-Estudios/Certificados/3.png  used on input line 128
.
(pdftex.def)             Requested size: 512.1496pt x 356.47385pt.

Overfull \hbox (36.90552pt too wide) in paragraph at lines 128--129
[][] 
 []

<2.-Estudios/Certificados/2.png, id=393, 833.36343pt x 572.1375pt>
File: 2.-Estudios/Certificados/2.png Graphic file (type png)
<use 2.-Estudios/Certificados/2.png>
Package pdftex.def Info: 2.-Estudios/Certificados/2.png  used on input line 133
.
(pdftex.def)             Requested size: 512.1496pt x 351.63112pt.

Overfull \hbox (36.90552pt too wide) in paragraph at lines 133--134
[][] 
 []

) (./9.-Certificados/3.-Ponencias.tex

pdfTeX warning: pdflatex (file ./3.-Ponencias/Certificados/5.pdf): PDF inclusio
n: found PDF version <1.6>, but at most version <1.5> allowed
<3.-Ponencias/Certificados/5.pdf, id=394, 614.295pt x 794.97pt>
File: 3.-Ponencias/Certificados/5.pdf Graphic file (type pdf)
<use 3.-Ponencias/Certificados/5.pdf>
Package pdftex.def Info: 3.-Ponencias/Certificados/5.pdf  used on input line 61
.
(pdftex.def)             Requested size: 358.50314pt x 463.94566pt.
<3.-Ponencias/Certificados/4.png, id=395, 789.70032pt x 554.82281pt>
File: 3.-Ponencias/Certificados/4.png Graphic file (type png)
<use 3.-Ponencias/Certificados/4.png>
Package pdftex.def Info: 3.-Ponencias/Certificados/4.png  used on input line 61
.
(pdftex.def)             Requested size: 486.54054pt x 341.82777pt.

Overfull \hbox (21.29646pt too wide) in paragraph at lines 61--61
[][] 
 []

<3.-Ponencias/Certificados/3.jpg, id=397, 845.0772pt x 597.6729pt>
File: 3.-Ponencias/Certificados/3.jpg Graphic file (type jpg)
<use 3.-Ponencias/Certificados/3.jpg>
Package pdftex.def Info: 3.-Ponencias/Certificados/3.jpg  used on input line 61
.
(pdftex.def)             Requested size: 486.54054pt x 344.10611pt.

Overfull \hbox (21.29646pt too wide) in paragraph at lines 61--61
[][][][][][] 
 []

<3.-Ponencias/Certificados/2.png, id=398, 810.02625pt x 556.32843pt>
File: 3.-Ponencias/Certificados/2.png Graphic file (type png)
<use 3.-Ponencias/Certificados/2.png>
Package pdftex.def Info: 3.-Ponencias/Certificados/2.png  used on input line 61
.
(pdftex.def)             Requested size: 486.54054pt x 334.16466pt.

Overfull \hbox (21.29646pt too wide) in paragraph at lines 61--61
[][] 
 []

<3.-Ponencias/Certificados/1.png, id=399, 587.94656pt x 411.03563pt>
File: 3.-Ponencias/Certificados/1.png Graphic file (type png)
<use 3.-Ponencias/Certificados/1.png>
Package pdftex.def Info: 3.-Ponencias/Certificados/1.png  used on input line 61
.
(pdftex.def)             Requested size: 486.54054pt x 340.14343pt.

Overfull \hbox (21.29646pt too wide) in paragraph at lines 61--61
[][] 
 []

) (./9.-Certificados/4.-Meritos.tex

pdfTeX warning: pdflatex (file ./4.-Meritos/Certificados/7.pdf): PDF inclusion:
 found PDF version <1.6>, but at most version <1.5> allowed
<4.-Meritos/Certificados/7.pdf, id=400, 614.295pt x 794.97pt>
File: 4.-Meritos/Certificados/7.pdf Graphic file (type pdf)
<use 4.-Meritos/Certificados/7.pdf>
Package pdftex.def Info: 4.-Meritos/Certificados/7.pdf  used on input line 3.
(pdftex.def)             Requested size: 409.72124pt x 530.23747pt.

Overfull \hbox (49.9934pt too wide) in paragraph at lines 3--4
[][] 
 []



pdfTeX warning: pdflatex (file ./4.-Meritos/Certificados/6.pdf): PDF inclusion:
 found PDF version <1.7>, but at most version <1.5> allowed
<4.-Meritos/Certificados/6.pdf, id=401, 845.07718pt x 597.55246pt>
File: 4.-Meritos/Certificados/6.pdf Graphic file (type pdf)
<use 4.-Meritos/Certificados/6.pdf>
Package pdftex.def Info: 4.-Meritos/Certificados/6.pdf  used on input line 8.
(pdftex.def)             Requested size: 512.1496pt x 362.14493pt.

Overfull \hbox (31.90552pt too wide) in paragraph at lines 8--9
[][] 
 []

<4.-Meritos/Certificados/5.png, id=402, 4314.36844pt x 5950.98282pt>
File: 4.-Meritos/Certificados/5.png Graphic file (type png)
<use 4.-Meritos/Certificados/5.png>
Package pdftex.def Info: 4.-Meritos/Certificados/5.png  used on input line 13.
(pdftex.def)             Requested size: 486.54054pt x 671.04578pt.

Overfull \hbox (21.29646pt too wide) in paragraph at lines 13--14
[][] 
 []

<4.-Meritos/Certificados/4.png, id=403, 590.95781pt x 417.05812pt>
File: 4.-Meritos/Certificados/4.png Graphic file (type png)
<use 4.-Meritos/Certificados/4.png>
Package pdftex.def Info: 4.-Meritos/Certificados/4.png  used on input line 18.
(pdftex.def)             Requested size: 486.54054pt x 343.37717pt.

Overfull \hbox (21.29646pt too wide) in paragraph at lines 18--19
[][] 
 []

<4.-Meritos/Certificados/3.png, id=404, 450.18187pt x 728.7225pt>
File: 4.-Meritos/Certificados/3.png Graphic file (type png)
<use 4.-Meritos/Certificados/3.png>
Package pdftex.def Info: 4.-Meritos/Certificados/3.png  used on input line 23.
(pdftex.def)             Requested size: 512.1496pt x 829.12886pt.

Overfull \hbox (31.90552pt too wide) in paragraph at lines 23--24
[][] 
 []


LaTeX Warning: Float too large for page by 97.89304pt on input line 24.

<4.-Meritos/Certificados/2.png, id=405, 727.21687pt x 508.14844pt>
File: 4.-Meritos/Certificados/2.png Graphic file (type png)
<use 4.-Meritos/Certificados/2.png>
Package pdftex.def Info: 4.-Meritos/Certificados/2.png  used on input line 28.
(pdftex.def)             Requested size: 512.1496pt x 357.88026pt.

Overfull \hbox (31.90552pt too wide) in paragraph at lines 28--29
[][] 
 []

<4.-Meritos/Certificados/1.png, id=406, 845.40843pt x 598.48593pt>
File: 4.-Meritos/Certificados/1.png Graphic file (type png)
<use 4.-Meritos/Certificados/1.png>
Package pdftex.def Info: 4.-Meritos/Certificados/1.png  used on input line 33.
(pdftex.def)             Requested size: 512.1496pt x 362.57367pt.

Overfull \hbox (31.90552pt too wide) in paragraph at lines 33--34
[][] 
 []

) (./9.-Certificados/5.-Publicaciones.tex

pdfTeX warning: pdflatex (file ./5.-Publicaciones/Certificados/8.pdf): PDF incl
usion: found PDF version <1.7>, but at most version <1.5> allowed
<5.-Publicaciones/Certificados/8.pdf, id=407, 597.4822pt x 845.1575pt>
File: 5.-Publicaciones/Certificados/8.pdf Graphic file (type pdf)
<use 5.-Publicaciones/Certificados/8.pdf>
Package pdftex.def Info: 5.-Publicaciones/Certificados/8.pdf  used on input lin
e 4.
(pdftex.def)             Requested size: 445.56764pt x 630.28148pt.


pdfTeX warning: pdflatex (file ./5.-Publicaciones/Certificados/7.pdf): PDF incl
usion: found PDF version <1.7>, but at most version <1.5> allowed
<5.-Publicaciones/Certificados/7.pdf, id=408, 614.295pt x 794.97pt>
File: 5.-Publicaciones/Certificados/7.pdf Graphic file (type pdf)
<use 5.-Publicaciones/Certificados/7.pdf>
Package pdftex.def Info: 5.-Publicaciones/Certificados/7.pdf  used on input lin
e 10.
(pdftex.def)             Requested size: 445.56764pt x 576.62355pt.
<5.-Publicaciones/Certificados/6.png, id=409, 706.64pt x 1048.91875pt>
File: 5.-Publicaciones/Certificados/6.png Graphic file (type png)
<use 5.-Publicaciones/Certificados/6.png>
Package pdftex.def Info: 5.-Publicaciones/Certificados/6.png  used on input lin
e 16.
(pdftex.def)             Requested size: 445.56764pt x 661.3985pt.
<5.-Publicaciones/Certificados/5.png, id=410, 651.43375pt x 996.72375pt>
File: 5.-Publicaciones/Certificados/5.png Graphic file (type png)
<use 5.-Publicaciones/Certificados/5.png>
Package pdftex.def Info: 5.-Publicaciones/Certificados/5.png  used on input lin
e 21.
(pdftex.def)             Requested size: 435.33028pt x 666.09808pt.
<5.-Publicaciones/Certificados/4.png, id=411, 637.38126pt x 988.69376pt>
File: 5.-Publicaciones/Certificados/4.png Graphic file (type png)
<use 5.-Publicaciones/Certificados/4.png>
Package pdftex.def Info: 5.-Publicaciones/Certificados/4.png  used on input lin
e 27.
(pdftex.def)             Requested size: 486.54054pt x 754.70387pt.

Overfull \hbox (31.29646pt too wide) in paragraph at lines 27--28
 [][] 
 []


LaTeX Warning: Float too large for page by 23.46805pt on input line 28.

<5.-Publicaciones/Certificados/3.png, id=412, 689.57625pt x 1005.7575pt>
File: 5.-Publicaciones/Certificados/3.png Graphic file (type png)
<use 5.-Publicaciones/Certificados/3.png>
Package pdftex.def Info: 5.-Publicaciones/Certificados/3.png  used on input lin
e 33.
(pdftex.def)             Requested size: 445.56764pt x 649.8673pt.
<5.-Publicaciones/Certificados/2.png, id=413, 525.965pt x 883.3pt>
File: 5.-Publicaciones/Certificados/2.png Graphic file (type png)
<use 5.-Publicaciones/Certificados/2.png>
Package pdftex.def Info: 5.-Publicaciones/Certificados/2.png  used on input lin
e 39.
(pdftex.def)             Requested size: 445.56764pt x 748.31512pt.

LaTeX Warning: Float too large for page by 17.0793pt on input line 40.

<5.-Publicaciones/Certificados/1.png, id=414, 630.355pt x 1005.7575pt>
File: 5.-Publicaciones/Certificados/1.png Graphic file (type png)
<use 5.-Publicaciones/Certificados/1.png>
Package pdftex.def Info: 5.-Publicaciones/Certificados/1.png  used on input lin
e 45.
(pdftex.def)             Requested size: 486.54054pt x 776.29262pt.

Overfull \hbox (31.29646pt too wide) in paragraph at lines 45--46
 [][] 
 []


LaTeX Warning: Float too large for page by 45.0568pt on input line 46.

) (./9.-Certificados/6.-Experiencia.tex

pdfTeX warning: pdflatex (file ./6.-Experiencia/Certificados/5C.pdf): PDF inclu
sion: found PDF version <1.6>, but at most version <1.5> allowed
<6.-Experiencia/Certificados/5C.pdf, id=415, 614.295pt x 794.97pt>
File: 6.-Experiencia/Certificados/5C.pdf Graphic file (type pdf)
<use 6.-Experiencia/Certificados/5C.pdf>
Package pdftex.def Info: 6.-Experiencia/Certificados/5C.pdf  used on input line
 4.
(pdftex.def)             Requested size: 563.36768pt x 729.11293pt.

Overfull \hbox (63.1236pt too wide) in paragraph at lines 4--4
[][] 
 []



pdfTeX warning: pdflatex (file ./6.-Experiencia/Certificados/5B.pdf): PDF inclu
sion: found PDF version <1.6>, but at most version <1.5> allowed
<6.-Experiencia/Certificados/5B.pdf, id=416, 614.295pt x 794.97pt>
File: 6.-Experiencia/Certificados/5B.pdf Graphic file (type pdf)
<use 6.-Experiencia/Certificados/5B.pdf>
Package pdftex.def Info: 6.-Experiencia/Certificados/5B.pdf  used on input line
 10.
(pdftex.def)             Requested size: 563.36768pt x 729.11293pt.

Overfull \hbox (63.1236pt too wide) in paragraph at lines 10--10
[][] 
 []

<6.-Experiencia/Certificados/4.pdf, id=417, 597.6729pt x 840.86142pt>
File: 6.-Experiencia/Certificados/4.pdf Graphic file (type pdf)
<use 6.-Experiencia/Certificados/4.pdf>
Package pdftex.def Info: 6.-Experiencia/Certificados/4.pdf  used on input line 
15.
(pdftex.def)             Requested size: 486.54054pt x 684.51976pt.

Overfull \hbox (6.29646pt too wide) in paragraph at lines 15--15
[][] 
 []

<6.-Experiencia/Certificados/3.png, id=418, 486.31688pt x 761.84625pt>
File: 6.-Experiencia/Certificados/3.png Graphic file (type png)
<use 6.-Experiencia/Certificados/3.png>
Package pdftex.def Info: 6.-Experiencia/Certificados/3.png  used on input line 
20.
(pdftex.def)             Requested size: 486.54054pt x 762.19313pt.

Overfull \hbox (6.29646pt too wide) in paragraph at lines 20--20
[][] 
 []


LaTeX Warning: Float too large for page by 30.9573pt on input line 20.

<6.-Experiencia/Certificados/1.png, id=419, 566.86781pt x 825.0825pt>
File: 6.-Experiencia/Certificados/1.png Graphic file (type png)
<use 6.-Experiencia/Certificados/1.png>
Package pdftex.def Info: 6.-Experiencia/Certificados/1.png  used on input line 
25.
(pdftex.def)             Requested size: 486.54054pt x 708.18484pt.

Overfull \hbox (6.29646pt too wide) in paragraph at lines 25--25
[][] 
 []

))
! Output loop---100 consecutive dead cycles.
\newpage ...prevdepth \fi \fi \vfil \penalty -\@M 
                                                  
l.19 \include{9.-Certificados/0.-Certificados}
                                              
? 
[22

 <./2.-Estudios/Certificados/28.pdf>]

[22 <./2.-Estudios/Certificados/27.pdf> <./2.-Estudios/Certificados/26.pdf>]

[23 <./2.-Estudios/Certificados/25.pdf>]

[24 <./2.-Estudios/Certificados/24.pdf>]

[25 <./2.-Estudios/Certificados/23.pdf>]

[26 <./2.-Estudios/Certificados/22.pdf>]

[27 <./2.-Estudios/Certificados/21.pdf> <./2.-Estudios/Certificados/20.pdf>]

[28 <./2.-Estudios/Certificados/19.pdf> <./2.-Estudios/Certificados/18.pdf>]

[29 <./2.-Estudios/Certificados/17.pdf> <./2.-Estudios/Certificados/16.pdf>]

[30 <./2.-Estudios/Certificados/14.pdf>]

[31 <./2.-Estudios/Certificados/13.pdf>]

[32 <./2.-Estudios/Certificados/12.pdf>]

[33 <./2.-Estudios/Certificados/11.pdf>]

[34 <./2.-Estudios/Certificados/10.pdf>]

[35 <./2.-Estudios/Certificados/9.pdf>]

[36 <./2.-Estudios/Certificados/8.pdf>]

[37 <./2.-Estudios/Certificados/7.pdf>]

[38 <./2.-Estudios/Certificados/6.pdf> <./2.-Estudios/Certificados/5.png>]

[39 <./2.-Estudios/Certificados/4.png> <./2.-Estudios/Certificados/3.png>]

[40 <./2.-Estudios/Certificados/2.png> <./3.-Ponencias/Certificados/5.pdf>]

[41 <./3.-Ponencias/Certificados/4.png> <./3.-Ponencias/Certificados/3.jpg>]

[42 <./3.-Ponencias/Certificados/2.png> <./3.-Ponencias/Certificados/1.png>]

[43 <./4.-Meritos/Certificados/7.pdf>]

[44 <./4.-Meritos/Certificados/6.pdf>]

[45 <./4.-Meritos/Certificados/5.png

pdfTeX warning: pdflatex (file ./4.-Meritos/Certificados/5.png): large interlac
ed PNG might cause out of memory (use non-interlaced PNG to fix this)
>]

[46 <./4.-Meritos/Certificados/4.png>]

[47 <./4.-Meritos/Certificados/3.png>]

[48 <./4.-Meritos/Certificados/2.png> <./4.-Meritos/Certificados/1.png>]

[49 <./5.-Publicaciones/Certificados/8.pdf>]

[50 <./5.-Publicaciones/Certificados/7.pdf>]

[51 <./5.-Publicaciones/Certificados/6.png>]

[52 <./5.-Publicaciones/Certificados/5.png>]

[53 <./5.-Publicaciones/Certificados/4.png>]

[54 <./5.-Publicaciones/Certificados/3.png>]

[55 <./5.-Publicaciones/Certificados/2.png>]

[56 <./5.-Publicaciones/Certificados/1.png>]

[57 <./6.-Experiencia/Certificados/5C.pdf>]

[58 <./6.-Experiencia/Certificados/5B.pdf>]

[59 <./6.-Experiencia/Certificados/4.pdf>]

[60 <./6.-Experiencia/Certificados/3.png>]

[61 <./6.-Experiencia/Certificados/1.png>] (./main.aux
(./1.-Perfil/0.-Perfil.aux) (./2.-Estudios/0.-Estudios.aux)
(./3.-Ponencias/0.-Ponencias.aux) (./4.-Meritos/0.-Meritos.aux)
(./5.-Publicaciones/0.-Publicaciones.aux) (./6.-Experiencia/0.-Experiencia.aux)
(./7.-Referencias/0.-Referencias.aux) (./8.-Documentos/0.-Documentos.aux)
(./9.-Certificados/0.-Certificados.aux))
 ***********
LaTeX2e <2024-06-01> patch level 2
L3 programming layer <2024-08-30>
 ***********
Package rerunfilecheck Info: File `main.out' has not changed.
(rerunfilecheck)             Checksum: D41D8CD98F00B204E9800998ECF8427E;0.
 ) 
Here is how much of TeX's memory you used:
 26554 strings out of 475506
 517638 string characters out of 5776094
 881639 words of memory out of 6000000
 48618 multiletter control sequences out of 15000+600000
 561473 words of font info for 47 fonts, out of 8000000 for 9000
 14 hyphenation exceptions out of 8191
 107i,13n,109p,728b,850s stack positions out of 10000i,1000n,20000p,200000b,200000s
</usr/share/texlive/texmf-dist/fonts/type1/public/fontawesome/FontAwesome.pfb
></usr/share/texlive/texmf-dist/fonts/type1/public/amsfonts/cm/cmbx10.pfb></usr
/share/texlive/texmf-dist/fonts/type1/public/amsfonts/cm/cmbx12.pfb></usr/share
/texlive/texmf-dist/fonts/type1/public/amsfonts/cm/cmr10.pfb></usr/share/texliv
e/texmf-dist/fonts/type1/public/amsfonts/cm/cmr12.pfb></usr/share/texlive/texmf
-dist/fonts/type1/public/amsfonts/cm/cmr9.pfb></usr/share/texlive/texmf-dist/fo
nts/type1/public/cm-super/sfbx1000.pfb>
Output written on main.pdf (62 pages, 126419609 bytes).
PDF statistics:
 1329 PDF objects out of 1440 (max. 8388607)
 853 compressed objects within 9 object streams
 62 named destinations out of 1000 (max. 500000)
 353 words of extra memory for PDF output out of 10000 (max. 10000000)

